Nothing to build in platform 'delay-and-sum-v2-platform'

18:27:11 **** Incremental Build of configuration Debug for project delay-and-sum-v2-app ****
make all 
make --no-print-directory pre-build
a9-linaro-pre-build-step
' '
make --no-print-directory main-build
'Building file: ../src/udp_stream.c'
'Invoking: ARM v7 gcc compiler'
arm-none-eabi-gcc -Wall -O0 -g3 -c -fmessage-length=0 -MT"src/udp_stream.o" -mcpu=cortex-a9 -mfpu=vfpv3 -mfloat-abi=hard -IC:/Users/CamLT/AX7010_Work/UltrasonicFPGA2021/delay-and-sum-v2/delay-and-sum-v2-platform/export/delay-and-sum-v2-platform/sw/delay-and-sum-v2-platform/standalone_domain/bspinclude/include -MMD -MP -MF"src/udp_stream.d" -MT"src/udp_stream.o" -o "src/udp_stream.o" "../src/udp_stream.c"
../src/udp_stream.c:52:24: warning: 'active_pcb' defined but not used [-Wunused-variable]
   52 | static struct udp_pcb *active_pcb = NULL;
      |                        ^~~~~~~~~~
../src/udp_stream.c:51:17: warning: 'seq' defined but not used [-Wunused-variable]
   51 | static uint32_t seq = 0;
      |                 ^~~
../src/udp_stream.c:50:16: warning: 'tx_buffer' defined but not used [-Wunused-variable]
   50 | static uint8_t tx_buffer[1460]; // MTU-sized
      |                ^~~~~~~~~
'Finished building: ../src/udp_stream.c'
' '
'Building target: delay-and-sum-v2-app.elf'
'Invoking: ARM v7 gcc linker'
arm-none-eabi-gcc -mcpu=cortex-a9 -mfpu=vfpv3 -mfloat-abi=hard -Wl,-build-id=none -specs=Xilinx.spec -Wl,-T -Wl,../src/lscript.ld -LC:/Users/CamLT/AX7010_Work/UltrasonicFPGA2021/delay-and-sum-v2/delay-and-sum-v2-platform/export/delay-and-sum-v2-platform/sw/delay-and-sum-v2-platform/standalone_domain/bsplib/lib -o "delay-and-sum-v2-app.elf"  ./src/DMA_Config.o ./src/DMA_Interrupt.o ./src/control_channel.o ./src/frame_ready.o ./src/i2c_access.o ./src/iic_phyreset.o ./src/main.o ./src/platform.o ./src/platform_mb.o ./src/platform_ppc.o ./src/platform_zynq.o ./src/platform_zynqmp.o ./src/sfp.o ./src/si5324.o ./src/udp_stream.o   -lm -Wl,--start-group,-lxil,-lgcc,-lc,--end-group -Wl,--start-group,-lxil,-llwip4,-lgcc,-lc,--end-group
'Finished building target: delay-and-sum-v2-app.elf'
' '
'Invoking: ARM v7 Print Size'
arm-none-eabi-size delay-and-sum-v2-app.elf  |tee "delay-and-sum-v2-app.elf.size"
   text	   data	    bss	    dec	    hex	filename
 127299	   3116	5298288	5428703	 52d5df	delay-and-sum-v2-app.elf
'Finished building: delay-and-sum-v2-app.elf.size'
' '
18:27:12 **** Incremental Build of configuration Debug for project delay-and-sum-v2-app_system ****
make all 
Generating bif file for the system project
generate_system_bif.bat 65264 C:/Users/CamLT/AX7010_Work/UltrasonicFPGA2021/delay-and-sum-v2/delay-and-sum-v2-platform/export/delay-and-sum-v2-platform/delay-and-sum-v2-platform.xpfm standalone_domain C:/Users/CamLT/AX7010_Work/UltrasonicFPGA2021/delay-and-sum-v2/delay-and-sum-v2-app_system/Debug/system.bif
sdcard_gen --xpfm C:/Users/CamLT/AX7010_Work/UltrasonicFPGA2021/delay-and-sum-v2/delay-and-sum-v2-platform/export/delay-and-sum-v2-platform/delay-and-sum-v2-platform.xpfm --sys_config delay-and-sum-v2-platform --bif C:/Users/CamLT/AX7010_Work/UltrasonicFPGA2021/delay-and-sum-v2/delay-and-sum-v2-app_system/Debug/system.bif --bitstream C:/Users/CamLT/AX7010_Work/UltrasonicFPGA2021/delay-and-sum-v2/delay-and-sum-v2-app/_ide/bitstream/Demodulator_128Ch_wrapper.bit --elf C:/Users/CamLT/AX7010_Work/UltrasonicFPGA2021/delay-and-sum-v2/delay-and-sum-v2-app/Debug/delay-and-sum-v2-app.elf,ps7_cortexa9_0
creating BOOT.BIN using C:/Users/CamLT/AX7010_Work/UltrasonicFPGA2021/delay-and-sum-v2/delay-and-sum-v2-app/_ide/bitstream/Demodulator_128Ch_wrapper.bit
Running C:/Xilinx/Vitis/2021.1/bin/bootgen  -image C:/Users/CamLT/AX7010_Work/UltrasonicFPGA2021/delay-and-sum-v2/delay-and-sum-v2-app_system/Debug/sd_card_temp/boot.bif -w -o i BOOT.BIN
