2026-01-20T14:07:48.004579700255-14:07:48 **** Build of project delay_and_sum_plat ****
000-buildplatform.bat 55480 delay_and_sum_plat  
000-XSDB Server Channel: tcfchan#6
000-Building the zynq_fsbl application.
000-make: Entering directory 'C:/Users/CamLT/AX7010_Work/UltrasonicFPGA2021/delay-and-sum/delay_and_sum_plat/zynq_fsbl/zynq_fsbl_bs
000-p'
000-
000-make --no-print-directory seq_libs
000-
000-"Running Make include in ps7_cortexa9_0/libsrc/coresightps_dcc_v1_8/src"
000-
000-make -C ps7_cortexa9_0/libsrc/coresightps_dcc_v1_8/src -s include  "SHELL=CMD" "COMPILER=arm-none-eabi-gcc" "ASSEMBLER=arm-none
000--eabi-as" "ARCHIVER=arm-none-eabi-ar" "COMPILER_FLAGS=  -O2 -c" "EXTRA_COMPILER_FLAGS=-mcpu=cortex-a9 -mfpu=vfpv3 -mfloat-abi=h
000-ard -nostartfiles -g -Wall -Wextra -fno-tree-loop-distribute-patterns"
000-
000-"Running Make include in ps7_cortexa9_0/libsrc/cpu_cortexa9_v2_11/src"
000-
000-make -C ps7_cortexa9_0/libsrc/cpu_cortexa9_v2_11/src -s include  "SHELL=CMD" "COMPILER=arm-none-eabi-gcc" "ASSEMBLER=arm-none-e
000-abi-as" "ARCHIVER=arm-none-eabi-ar" "COMPILER_FLAGS=  -O2 -c" "EXTRA_COMPILER_FLAGS=-mcpu=cortex-a9 -mfpu=vfpv3 -mfloat-abi=har
000-d -nostartfiles -g -Wall -Wextra -fno-tree-loop-distribute-patterns"
000-
000-"Running Make include in ps7_cortexa9_0/libsrc/ddrps_v1_2/src"
000-
000-make -C ps7_cortexa9_0/libsrc/ddrps_v1_2/src -s include  "SHELL=CMD" "COMPILER=arm-none-eabi-gcc" "ASSEMBLER=arm-none-eabi-as" 
000-"ARCHIVER=arm-none-eabi-ar" "COMPILER_FLAGS=  -O2 -c" "EXTRA_COMPILER_FLAGS=-mcpu=cortex-a9 -mfpu=vfpv3 -mfloat-abi=hard -nosta
000-rtfiles -g -Wall -Wextra -fno-tree-loop-distribute-patterns"
000-
000-"Running Make include in ps7_cortexa9_0/libsrc/devcfg_v3_7/src"
000-
000-make -C ps7_cortexa9_0/libsrc/devcfg_v3_7/src -s include  "SHELL=CMD" "COMPILER=arm-none-eabi-gcc" "ASSEMBLER=arm-none-eabi-as"
000- "ARCHIVER=arm-none-eabi-ar" "COMPILER_FLAGS=  -O2 -c" "EXTRA_COMPILER_FLAGS=-mcpu=cortex-a9 -mfpu=vfpv3 -mfloat-abi=hard -nost
000-artfiles -g -Wall -Wextra -fno-tree-loop-distribute-patterns"
000-
000-"Running Make include in ps7_cortexa9_0/libsrc/dmaps_v2_8/src"
000-
000-make -C ps7_cortexa9_0/libsrc/dmaps_v2_8/src -s include  "SHELL=CMD" "COMPILER=arm-none-eabi-gcc" "ASSEMBLER=arm-none-eabi-as" 
000-"ARCHIVER=arm-none-eabi-ar" "COMPILER_FLAGS=  -O2 -c" "EXTRA_COMPILER_FLAGS=-mcpu=cortex-a9 -mfpu=vfpv3 -mfloat-abi=hard -nosta
000-rtfiles -g -Wall -Wextra -fno-tree-loop-distribute-patterns"
000-
000-"Running Make include in ps7_cortexa9_0/libsrc/DMA_v1_0/src"
000-
000-make -C ps7_cortexa9_0/libsrc/DMA_v1_0/src -s include  "SHELL=CMD" "COMPILER=arm-none-eabi-gcc" "ASSEMBLER=arm-none-eabi-as" "A
000-RCHIVER=arm-none-eabi-ar" "COMPILER_FLAGS=  -O2 -c" "EXTRA_COMPILER_FLAGS=-mcpu=cortex-a9 -mfpu=vfpv3 -mfloat-abi=hard -nostart
000-files -g -Wall -Wextra -fno-tree-loop-distribute-patterns"
000-
000-"Running Make include in ps7_cortexa9_0/libsrc/emacps_v3_14/src"
000-
000-make -C ps7_cortexa9_0/libsrc/emacps_v3_14/src -s include  "SHELL=CMD" "COMPILER=arm-none-eabi-gcc" "ASSEMBLER=arm-none-eabi-as
000-" "ARCHIVER=arm-none-eabi-ar" "COMPILER_FLAGS=  -O2 -c" "EXTRA_COMPILER_FLAGS=-mcpu=cortex-a9 -mfpu=vfpv3 -mfloat-abi=hard -nos
000-tartfiles -g -Wall -Wextra -fno-tree-loop-distribute-patterns"
000-
000-"Running Make include in ps7_cortexa9_0/libsrc/gpiops_v3_9/src"
000-
000-make -C ps7_cortexa9_0/libsrc/gpiops_v3_9/src -s include  "SHELL=CMD" "COMPILER=arm-none-eabi-gcc" "ASSEMBLER=arm-none-eabi-as"
000- "ARCHIVER=arm-none-eabi-ar" "COMPILER_FLAGS=  -O2 -c" "EXTRA_COMPILER_FLAGS=-mcpu=cortex-a9 -mfpu=vfpv3 -mfloat-abi=hard -nost
000-artfiles -g -Wall -Wextra -fno-tree-loop-distribute-patterns"
000-
000-"Running Make include in ps7_cortexa9_0/libsrc/lwip211_v1_5/src"
000-
000-make -C ps7_cortexa9_0/libsrc/lwip211_v1_5/src -s include  "SHELL=CMD" "COMPILER=arm-none-eabi-gcc" "ASSEMBLER=arm-none-eabi-as
000-" "ARCHIVER=arm-none-eabi-ar" "COMPILER_FLAGS=  -O2 -c" "EXTRA_COMPILER_FLAGS=-mcpu=cortex-a9 -mfpu=vfpv3 -mfloat-abi=hard -nos
000-tartfiles -g -Wall -Wextra -fno-tree-loop-distribute-patterns"
000-
000-"Running Make include in ps7_cortexa9_0/libsrc/qspips_v3_9/src"
000-
000-make -C ps7_cortexa9_0/libsrc/qspips_v3_9/src -s include  "SHELL=CMD" "COMPILER=arm-none-eabi-gcc" "ASSEMBLER=arm-none-eabi-as"
000- "ARCHIVER=arm-none-eabi-ar" "COMPILER_FLAGS=  -O2 -c" "EXTRA_COMPILER_FLAGS=-mcpu=cortex-a9 -mfpu=vfpv3 -mfloat-abi=hard -nost
000-artfiles -g -Wall -Wextra -fno-tree-loop-distribute-patterns"
000-
000-"Running Make include in ps7_cortexa9_0/libsrc/scugic_v4_5/src"
000-
000-make -C ps7_cortexa9_0/libsrc/scugic_v4_5/src -s include  "SHELL=CMD" "COMPILER=arm-none-eabi-gcc" "ASSEMBLER=arm-none-eabi-as"
000- "ARCHIVER=arm-none-eabi-ar" "COMPILER_FLAGS=  -O2 -c" "EXTRA_COMPILER_FLAGS=-mcpu=cortex-a9 -mfpu=vfpv3 -mfloat-abi=hard -nost
000-artfiles -g -Wall -Wextra -fno-tree-loop-distribute-patterns"
000-
000-"Running Make include in ps7_cortexa9_0/libsrc/scutimer_v2_3/src"
000-
000-make -C ps7_cortexa9_0/libsrc/scutimer_v2_3/src -s include  "SHELL=CMD" "COMPILER=arm-none-eabi-gcc" "ASSEMBLER=arm-none-eabi-a
000-s" "ARCHIVER=arm-none-eabi-ar" "COMPILER_FLAGS=  -O2 -c" "EXTRA_COMPILER_FLAGS=-mcpu=cortex-a9 -mfpu=vfpv3 -mfloat-abi=hard -no
000-startfiles -g -Wall -Wextra -fno-tree-loop-distribute-patterns"
000-
000-"Running Make include in ps7_cortexa9_0/libsrc/scuwdt_v2_4/src"
000-
000-make -C ps7_cortexa9_0/libsrc/scuwdt_v2_4/src -s include  "SHELL=CMD" "COMPILER=arm-none-eabi-gcc" "ASSEMBLER=arm-none-eabi-as"
000- "ARCHIVER=arm-none-eabi-ar" "COMPILER_FLAGS=  -O2 -c" "EXTRA_COMPILER_FLAGS=-mcpu=cortex-a9 -mfpu=vfpv3 -mfloat-abi=hard -nost
000-artfiles -g -Wall -Wextra -fno-tree-loop-distribute-patterns"
000-
000-"Running Make include in ps7_cortexa9_0/libsrc/sdps_v3_12/src"
000-
000-make -C ps7_cortexa9_0/libsrc/sdps_v3_12/src -s include  "SHELL=CMD" "COMPILER=arm-none-eabi-gcc" "ASSEMBLER=arm-none-eabi-as" 
000-"ARCHIVER=arm-none-eabi-ar" "COMPILER_FLAGS=  -O2 -c" "EXTRA_COMPILER_FLAGS=-mcpu=cortex-a9 -mfpu=vfpv3 -mfloat-abi=hard -nosta
000-rtfiles -g -Wall -Wextra -fno-tree-loop-distribute-patterns"
000-
000-"Running Make include in ps7_cortexa9_0/libsrc/standalone_v7_5/src"
000-
000-make -C ps7_cortexa9_0/libsrc/standalone_v7_5/src -s include  "SHELL=CMD" "COMPILER=arm-none-eabi-gcc" "ASSEMBLER=arm-none-eabi
000--as" "ARCHIVER=arm-none-eabi-ar" "COMPILER_FLAGS=  -O2 -c" "EXTRA_COMPILER_FLAGS=-mcpu=cortex-a9 -mfpu=vfpv3 -mfloat-abi=hard -
000-nostartfiles -g -Wall -Wextra -fno-tree-loop-distribute-patterns"
000-
000-"Running Make include in ps7_cortexa9_0/libsrc/uartps_v3_11/src"
000-
000-make -C ps7_cortexa9_0/libsrc/uartps_v3_11/src -s include  "SHELL=CMD" "COMPILER=arm-none-eabi-gcc" "ASSEMBLER=arm-none-eabi-as
000-" "ARCHIVER=arm-none-eabi-ar" "COMPILER_FLAGS=  -O2 -c" "EXTRA_COMPILER_FLAGS=-mcpu=cortex-a9 -mfpu=vfpv3 -mfloat-abi=hard -nos
000-tartfiles -g -Wall -Wextra -fno-tree-loop-distribute-patterns"
000-
000-"Running Make include in ps7_cortexa9_0/libsrc/usbps_v2_7/src"
000-
000-make -C ps7_cortexa9_0/libsrc/usbps_v2_7/src -s include  "SHELL=CMD" "COMPILER=arm-none-eabi-gcc" "ASSEMBLER=arm-none-eabi-as" 
000-"ARCHIVER=arm-none-eabi-ar" "COMPILER_FLAGS=  -O2 -c" "EXTRA_COMPILER_FLAGS=-mcpu=cortex-a9 -mfpu=vfpv3 -mfloat-abi=hard -nosta
000-rtfiles -g -Wall -Wextra -fno-tree-loop-distribute-patterns"
000-
000-"Running Make include in ps7_cortexa9_0/libsrc/xadcps_v2_6/src"
000-
000-make -C ps7_cortexa9_0/libsrc/xadcps_v2_6/src -s include  "SHELL=CMD" "COMPILER=arm-none-eabi-gcc" "ASSEMBLER=arm-none-eabi-as"
000- "ARCHIVER=arm-none-eabi-ar" "COMPILER_FLAGS=  -O2 -c" "EXTRA_COMPILER_FLAGS=-mcpu=cortex-a9 -mfpu=vfpv3 -mfloat-abi=hard -nost
000-artfiles -g -Wall -Wextra -fno-tree-loop-distribute-patterns"
000-
000-"Running Make include in ps7_cortexa9_0/libsrc/xilffs_v4_5/src"
000-
000-make -C ps7_cortexa9_0/libsrc/xilffs_v4_5/src -s include  "SHELL=CMD" "COMPILER=arm-none-eabi-gcc" "ASSEMBLER=arm-none-eabi-as"
000- "ARCHIVER=arm-none-eabi-ar" "COMPILER_FLAGS=  -O2 -c" "EXTRA_COMPILER_FLAGS=-mcpu=cortex-a9 -mfpu=vfpv3 -mfloat-abi=hard -nost
000-artfiles -g -Wall -Wextra -fno-tree-loop-distribute-patterns"
000-
000-"Running Make include in ps7_cortexa9_0/libsrc/xilrsa_v1_6/src"
000-
000-make -C ps7_cortexa9_0/libsrc/xilrsa_v1_6/src -s include  "SHELL=CMD" "COMPILER=arm-none-eabi-gcc" "ASSEMBLER=arm-none-eabi-as"
000- "ARCHIVER=arm-none-eabi-ar" "COMPILER_FLAGS=  -O2 -c" "EXTRA_COMPILER_FLAGS=-mcpu=cortex-a9 -mfpu=vfpv3 -mfloat-abi=hard -nost
000-artfiles -g -Wall -Wextra -fno-tree-loop-distribute-patterns"
000-
000-"Running Make libs in ps7_cortexa9_0/libsrc/DMA_v1_0/src"
000-
000-make -C ps7_cortexa9_0/libsrc/DMA_v1_0/src -s libs  "SHELL=CMD" "COMPILER=arm-none-eabi-gcc" "ASSEMBLER=arm-none-eabi-as" "ARCH
000-IVER=arm-none-eabi-ar" "COMPILER_FLAGS=  -O2 -c" "EXTRA_COMPILER_FLAGS=-mcpu=cortex-a9 -mfpu=vfpv3 -mfloat-abi=hard -nostartfil
000-es -g -Wall -Wextra -fno-tree-loop-distribute-patterns"
000-
000-arm-none-eabi-ar: creating ../../../lib/libxil.a
000-"Building DMA"
000-
000-"Running Make libs in ps7_cortexa9_0/libsrc/lwip211_v1_5/src"
000-
000-make -C ps7_cortexa9_0/libsrc/lwip211_v1_5/src -s libs  "SHELL=CMD" "COMPILER=arm-none-eabi-gcc" "ASSEMBLER=arm-none-eabi-as" "
000-ARCHIVER=arm-none-eabi-ar" "COMPILER_FLAGS=  -O2 -c" "EXTRA_COMPILER_FLAGS=-mcpu=cortex-a9 -mfpu=vfpv3 -mfloat-abi=hard -nostar
000-tfiles -g -Wall -Wextra -fno-tree-loop-distribute-patterns"
000-
000-"Compiling lwip src and adapter files"
000-
000-In file included from ../../../include/xemacps.h:329,
000-                 from ../../../include/netif/xemacpsif.h:56,
000-                 from contrib/ports/xilinx/netif/xemacpsif_dma.c:37:
000-contrib/ports/xilinx/netif/xemacpsif_dma.c: In function 'init_dma':
000/delay_and_sum_plat593-1-1'bdrxterminate' may be used uninitialized in this function [-Wmaybe-uninitialized]1-../../../include/xemacps_hw.h:593:23: warning: 'bdrxterminate' may be used uninitialized in this function [-Wmaybe-uninitialized]
000-  593 | #define XEmacPs_Out32 Xil_Out32
000-      |                       ^~~~~~~~~
000/delay_and_sum_plat568-1-1'bdrxterminate' was declared here0-contrib/ports/xilinx/netif/xemacpsif_dma.c:568:14: note: 'bdrxterminate' was declared here
000-  568 |  XEmacPs_Bd *bdrxterminate;
000-      |              ^~~~~~~~~~~~~
000-In file included from ../../../include/xemacps.h:330,
000-                 from ../../../include/netif/xemacpsif.h:56,
000-                 from contrib/ports/xilinx/netif/xemacpsif_dma.c:37:
000/delay_and_sum_plat120-1-1'bdtxterminate' may be used uninitialized in this function [-Wmaybe-uninitialized]1-../../../include/xemacps_bd.h:120:12: warning: 'bdtxterminate' may be used uninitialized in this function [-Wmaybe-uninitialized]
000-  120 |  (*(u32 *)((UINTPTR)((void*)(BaseAddress)) + (u32)(Offset)))
000-      |            ^
000/delay_and_sum_plat567-1-1'bdtxterminate' was declared here0-contrib/ports/xilinx/netif/xemacpsif_dma.c:567:14: note: 'bdtxterminate' was declared here
000-  567 |  XEmacPs_Bd *bdtxterminate;
000-      |              ^~~~~~~~~~~~~
000-"Running Make libs in ps7_cortexa9_0/libsrc/xilrsa_v1_6/src"
000-
000-make -C ps7_cortexa9_0/libsrc/xilrsa_v1_6/src -s libs  "SHELL=CMD" "COMPILER=arm-none-eabi-gcc" "ASSEMBLER=arm-none-eabi-as" "A
000-RCHIVER=arm-none-eabi-ar" "COMPILER_FLAGS=  -O2 -c" "EXTRA_COMPILER_FLAGS=-mcpu=cortex-a9 -mfpu=vfpv3 -mfloat-abi=hard -nostart
000-files -g -Wall -Wextra -fno-tree-loop-distribute-patterns"
000-
000-'Finished building libraries sequentially.'
000-
000-make -j 14 --no-print-directory par_libs
000-
000-"Running Make include in ps7_cortexa9_0/libsrc/coresightps_dcc_v1_8/src"
000-
000-make -C ps7_cortexa9_0/libsrc/coresightps_dcc_v1_8/src -s include  "SHELL=CMD" "COMPILER=arm-none-eabi-gcc" "ASSEMBLER=arm-none
000--eabi-as" "ARCHIVER=arm-none-eabi-ar" "COMPILER_FLAGS=  -O2 -c" "EXTRA_COMPILER_FLAGS=-mcpu=cortex-a9 -mfpu=vfpv3 -mfloat-abi=h
000-ard -nostartfiles -g -Wall -Wextra -fno-tree-loop-distribute-patterns"
000-
000-"Running Make include in ps7_cortexa9_0/libsrc/cpu_cortexa9_v2_11/src"
000-
000-"Running Make include in ps7_cortexa9_0/libsrc/ddrps_v1_2/src"
000-
000-make -C ps7_cortexa9_0/libsrc/cpu_cortexa9_v2_11/src -s include  "SHELL=CMD" "COMPILER=arm-none-eabi-gcc" "ASSEMBLER=arm-none-e
000-abi-as" "ARCHIVER=arm-none-eabi-ar" "COMPILER_FLAGS=  -O2 -c" "EXTRA_COMPILER_FLAGS=-mcpu=cortex-a9 -mfpu=vfpv3 -mfloat-abi=har
000-d -nostartfiles -g -Wall -Wextra -fno-tree-loop-distribute-patterns"
000-
000-make -C ps7_cortexa9_0/libsrc/ddrps_v1_2/src -s include  "SHELL=CMD" "COMPILER=arm-none-eabi-gcc" "ASSEMBLER=arm-none-eabi-as" 
000-"ARCHIVER=arm-none-eabi-ar" "COMPILER_FLAGS=  -O2 -c" "EXTRA_COMPILER_FLAGS=-mcpu=cortex-a9 -mfpu=vfpv3 -mfloat-abi=hard -nosta
000-rtfiles -g -Wall -Wextra -fno-tree-loop-distribute-patterns"
000-
000-"Running Make include in ps7_cortexa9_0/libsrc/devcfg_v3_7/src"
000-
000-make -C ps7_cortexa9_0/libsrc/devcfg_v3_7/src -s include  "SHELL=CMD" "COMPILER=arm-none-eabi-gcc" "ASSEMBLER=arm-none-eabi-as"
000- "ARCHIVER=arm-none-eabi-ar" "COMPILER_FLAGS=  -O2 -c" "EXTRA_COMPILER_FLAGS=-mcpu=cortex-a9 -mfpu=vfpv3 -mfloat-abi=hard -nost
000-artfiles -g -Wall -Wextra -fno-tree-loop-distribute-patterns"
000-
000-"Running Make include in ps7_cortexa9_0/libsrc/dmaps_v2_8/src"
000-
000-make -C ps7_cortexa9_0/libsrc/dmaps_v2_8/src -s include  "SHELL=CMD" "COMPILER=arm-none-eabi-gcc" "ASSEMBLER=arm-none-eabi-as" 
000-"ARCHIVER=arm-none-eabi-ar" "COMPILER_FLAGS=  -O2 -c" "EXTRA_COMPILER_FLAGS=-mcpu=cortex-a9 -mfpu=vfpv3 -mfloat-abi=hard -nosta
000-rtfiles -g -Wall -Wextra -fno-tree-loop-distribute-patterns"
000-
000-"Running Make include in ps7_cortexa9_0/libsrc/DMA_v1_0/src"
000-
000-make -C ps7_cortexa9_0/libsrc/DMA_v1_0/src -s include  "SHELL=CMD" "COMPILER=arm-none-eabi-gcc" "ASSEMBLER=arm-none-eabi-as" "A
000-RCHIVER=arm-none-eabi-ar" "COMPILER_FLAGS=  -O2 -c" "EXTRA_COMPILER_FLAGS=-mcpu=cortex-a9 -mfpu=vfpv3 -mfloat-abi=hard -nostart
000-files -g -Wall -Wextra -fno-tree-loop-distribute-patterns"
000-
000-"Running Make include in ps7_cortexa9_0/libsrc/emacps_v3_14/src"
000-
000-"Running Make include in ps7_cortexa9_0/libsrc/gpiops_v3_9/src"
000-
000-make -C ps7_cortexa9_0/libsrc/emacps_v3_14/src -s include  "SHELL=CMD" "COMPILER=arm-none-eabi-gcc" "ASSEMBLER=arm-none-eabi-as
000-" "ARCHIVER=arm-none-eabi-ar" "COMPILER_FLAGS=  -O2 -c" "EXTRA_COMPILER_FLAGS=-mcpu=cortex-a9 -mfpu=vfpv3 -mfloat-abi=hard -nos
000-tartfiles -g -Wall -Wextra -fno-tree-loop-distribute-patterns"
000-
000-make -C ps7_cortexa9_0/libsrc/gpiops_v3_9/src -s include  "SHELL=CMD" "COMPILER=arm-none-eabi-gcc" "ASSEMBLER=arm-none-eabi-as"
000- "ARCHIVER=arm-none-eabi-ar" "COMPILER_FLAGS=  -O2 -c" "EXTRA_COMPILER_FLAGS=-mcpu=cortex-a9 -mfpu=vfpv3 -mfloat-abi=hard -nost
000-artfiles -g -Wall -Wextra -fno-tree-loop-distribute-patterns"
000-
000-"Running Make include in ps7_cortexa9_0/libsrc/lwip211_v1_5/src"
000-
000-make -C ps7_cortexa9_0/libsrc/lwip211_v1_5/src -s include  "SHELL=CMD" "COMPILER=arm-none-eabi-gcc" "ASSEMBLER=arm-none-eabi-as
000-" "ARCHIVER=arm-none-eabi-ar" "COMPILER_FLAGS=  -O2 -c" "EXTRA_COMPILER_FLAGS=-mcpu=cortex-a9 -mfpu=vfpv3 -mfloat-abi=hard -nos
000-tartfiles -g -Wall -Wextra -fno-tree-loop-distribute-patterns"
000-
000-"Running Make include in ps7_cortexa9_0/libsrc/qspips_v3_9/src"
000-
000-make -C ps7_cortexa9_0/libsrc/qspips_v3_9/src -s include  "SHELL=CMD" "COMPILER=arm-none-eabi-gcc" "ASSEMBLER=arm-none-eabi-as"
000- "ARCHIVER=arm-none-eabi-ar" "COMPILER_FLAGS=  -O2 -c" "EXTRA_COMPILER_FLAGS=-mcpu=cortex-a9 -mfpu=vfpv3 -mfloat-abi=hard -nost
000-artfiles -g -Wall -Wextra -fno-tree-loop-distribute-patterns"
000-
000-"Running Make include in ps7_cortexa9_0/libsrc/scugic_v4_5/src"
000-
000-make -C ps7_cortexa9_0/libsrc/scugic_v4_5/src -s include  "SHELL=CMD" "COMPILER=arm-none-eabi-gcc" "ASSEMBLER=arm-none-eabi-as"
000- "ARCHIVER=arm-none-eabi-ar" "COMPILER_FLAGS=  -O2 -c" "EXTRA_COMPILER_FLAGS=-mcpu=cortex-a9 -mfpu=vfpv3 -mfloat-abi=hard -nost
000-artfiles -g -Wall -Wextra -fno-tree-loop-distribute-patterns"
000-
000-"Running Make include in ps7_cortexa9_0/libsrc/scutimer_v2_3/src"
000-
000-make -C ps7_cortexa9_0/libsrc/scutimer_v2_3/src -s include  "SHELL=CMD" "COMPILER=arm-none-eabi-gcc" "ASSEMBLER=arm-none-eabi-a
000-s" "ARCHIVER=arm-none-eabi-ar" "COMPILER_FLAGS=  -O2 -c" "EXTRA_COMPILER_FLAGS=-mcpu=cortex-a9 -mfpu=vfpv3 -mfloat-abi=hard -no
000-startfiles -g -Wall -Wextra -fno-tree-loop-distribute-patterns"
000-
000-"Running Make include in ps7_cortexa9_0/libsrc/scuwdt_v2_4/src"
000-
000-make -C ps7_cortexa9_0/libsrc/scuwdt_v2_4/src -s include  "SHELL=CMD" "COMPILER=arm-none-eabi-gcc" "ASSEMBLER=arm-none-eabi-as"
000- "ARCHIVER=arm-none-eabi-ar" "COMPILER_FLAGS=  -O2 -c" "EXTRA_COMPILER_FLAGS=-mcpu=cortex-a9 -mfpu=vfpv3 -mfloat-abi=hard -nost
000-artfiles -g -Wall -Wextra -fno-tree-loop-distribute-patterns"
000-
000-"Running Make include in ps7_cortexa9_0/libsrc/sdps_v3_12/src"
000-
000-make -C ps7_cortexa9_0/libsrc/sdps_v3_12/src -s include  "SHELL=CMD" "COMPILER=arm-none-eabi-gcc" "ASSEMBLER=arm-none-eabi-as" 
000-"ARCHIVER=arm-none-eabi-ar" "COMPILER_FLAGS=  -O2 -c" "EXTRA_COMPILER_FLAGS=-mcpu=cortex-a9 -mfpu=vfpv3 -mfloat-abi=hard -nosta
000-rtfiles -g -Wall -Wextra -fno-tree-loop-distribute-patterns"
000-
000-"Running Make include in ps7_cortexa9_0/libsrc/standalone_v7_5/src"
000-
000-make -C ps7_cortexa9_0/libsrc/standalone_v7_5/src -s include  "SHELL=CMD" "COMPILER=arm-none-eabi-gcc" "ASSEMBLER=arm-none-eabi
000--as" "ARCHIVER=arm-none-eabi-ar" "COMPILER_FLAGS=  -O2 -c" "EXTRA_COMPILER_FLAGS=-mcpu=cortex-a9 -mfpu=vfpv3 -mfloat-abi=hard -
000-nostartfiles -g -Wall -Wextra -fno-tree-loop-distribute-patterns"
000-
000-"Running Make include in ps7_cortexa9_0/libsrc/uartps_v3_11/src"
000-
000-make -C ps7_cortexa9_0/libsrc/uartps_v3_11/src -s include  "SHELL=CMD" "COMPILER=arm-none-eabi-gcc" "ASSEMBLER=arm-none-eabi-as
000-" "ARCHIVER=arm-none-eabi-ar" "COMPILER_FLAGS=  -O2 -c" "EXTRA_COMPILER_FLAGS=-mcpu=cortex-a9 -mfpu=vfpv3 -mfloat-abi=hard -nos
000-tartfiles -g -Wall -Wextra -fno-tree-loop-distribute-patterns"
000-
000-"Running Make include in ps7_cortexa9_0/libsrc/usbps_v2_7/src"
000-
000-make -C ps7_cortexa9_0/libsrc/usbps_v2_7/src -s include  "SHELL=CMD" "COMPILER=arm-none-eabi-gcc" "ASSEMBLER=arm-none-eabi-as" 
000-"ARCHIVER=arm-none-eabi-ar" "COMPILER_FLAGS=  -O2 -c" "EXTRA_COMPILER_FLAGS=-mcpu=cortex-a9 -mfpu=vfpv3 -mfloat-abi=hard -nosta
000-rtfiles -g -Wall -Wextra -fno-tree-loop-distribute-patterns"
000-
000-"Running Make include in ps7_cortexa9_0/libsrc/xadcps_v2_6/src"
000-
000-"Running Make include in ps7_cortexa9_0/libsrc/xilffs_v4_5/src"
000-
000-make -C ps7_cortexa9_0/libsrc/xadcps_v2_6/src -s include  "SHELL=CMD" "COMPILER=arm-none-eabi-gcc" "ASSEMBLER=arm-none-eabi-as"
000- "ARCHIVER=arm-none-eabi-ar" "COMPILER_FLAGS=  -O2 -c" "EXTRA_COMPILER_FLAGS=-mcpu=cortex-a9 -mfpu=vfpv3 -mfloat-abi=hard -nost
000-artfiles -g -Wall -Wextra -fno-tree-loop-distribute-patterns"
000-
000-make -C ps7_cortexa9_0/libsrc/xilffs_v4_5/src -s include  "SHELL=CMD" "COMPILER=arm-none-eabi-gcc" "ASSEMBLER=arm-none-eabi-as"
000- "ARCHIVER=arm-none-eabi-ar" "COMPILER_FLAGS=  -O2 -c" "EXTRA_COMPILER_FLAGS=-mcpu=cortex-a9 -mfpu=vfpv3 -mfloat-abi=hard -nost
000-artfiles -g -Wall -Wextra -fno-tree-loop-distribute-patterns"
000-
000-"Running Make include in ps7_cortexa9_0/libsrc/xilrsa_v1_6/src"
000-
000-make -C ps7_cortexa9_0/libsrc/xilrsa_v1_6/src -s include  "SHELL=CMD" "COMPILER=arm-none-eabi-gcc" "ASSEMBLER=arm-none-eabi-as"
000- "ARCHIVER=arm-none-eabi-ar" "COMPILER_FLAGS=  -O2 -c" "EXTRA_COMPILER_FLAGS=-mcpu=cortex-a9 -mfpu=vfpv3 -mfloat-abi=hard -nost
000-artfiles -g -Wall -Wextra -fno-tree-loop-distribute-patterns"
000-
000-"Running Make libs in ps7_cortexa9_0/libsrc/coresightps_dcc_v1_8/src"
000-
000-make -C ps7_cortexa9_0/libsrc/coresightps_dcc_v1_8/src -s libs  "SHELL=CMD" "COMPILER=arm-none-eabi-gcc" "ASSEMBLER=arm-none-ea
000-bi-as" "ARCHIVER=arm-none-eabi-ar" "COMPILER_FLAGS=  -O2 -c" "EXTRA_COMPILER_FLAGS=-mcpu=cortex-a9 -mfpu=vfpv3 -mfloat-abi=hard
000- -nostartfiles -g -Wall -Wextra -fno-tree-loop-distribute-patterns"
000-
000-"Running Make libs in ps7_cortexa9_0/libsrc/cpu_cortexa9_v2_11/src"
000-
000-make -C ps7_cortexa9_0/libsrc/cpu_cortexa9_v2_11/src -s libs  "SHELL=CMD" "COMPILER=arm-none-eabi-gcc" "ASSEMBLER=arm-none-eabi
000--as" "ARCHIVER=arm-none-eabi-ar" "COMPILER_FLAGS=  -O2 -c" "EXTRA_COMPILER_FLAGS=-mcpu=cortex-a9 -mfpu=vfpv3 -mfloat-abi=hard -
000-nostartfiles -g -Wall -Wextra -fno-tree-loop-distribute-patterns"
000-
000-"Running Make libs in ps7_cortexa9_0/libsrc/ddrps_v1_2/src"
000-
000-make -C ps7_cortexa9_0/libsrc/ddrps_v1_2/src -s libs  "SHELL=CMD" "COMPILER=arm-none-eabi-gcc" "ASSEMBLER=arm-none-eabi-as" "AR
000-CHIVER=arm-none-eabi-ar" "COMPILER_FLAGS=  -O2 -c" "EXTRA_COMPILER_FLAGS=-mcpu=cortex-a9 -mfpu=vfpv3 -mfloat-abi=hard -nostartf
000-iles -g -Wall -Wextra -fno-tree-loop-distribute-patterns"
000-
000-"Running Make libs in ps7_cortexa9_0/libsrc/devcfg_v3_7/src"
000-
000-make -C ps7_cortexa9_0/libsrc/devcfg_v3_7/src -s libs  "SHELL=CMD" "COMPILER=arm-none-eabi-gcc" "ASSEMBLER=arm-none-eabi-as" "A
000-RCHIVER=arm-none-eabi-ar" "COMPILER_FLAGS=  -O2 -c" "EXTRA_COMPILER_FLAGS=-mcpu=cortex-a9 -mfpu=vfpv3 -mfloat-abi=hard -nostart
000-files -g -Wall -Wextra -fno-tree-loop-distribute-patterns"
000-
000-"Running Make libs in ps7_cortexa9_0/libsrc/dmaps_v2_8/src"
000-
000-make -C ps7_cortexa9_0/libsrc/dmaps_v2_8/src -s libs  "SHELL=CMD" "COMPILER=arm-none-eabi-gcc" "ASSEMBLER=arm-none-eabi-as" "AR
000-CHIVER=arm-none-eabi-ar" "COMPILER_FLAGS=  -O2 -c" "EXTRA_COMPILER_FLAGS=-mcpu=cortex-a9 -mfpu=vfpv3 -mfloat-abi=hard -nostartf
000-iles -g -Wall -Wextra -fno-tree-loop-distribute-patterns"
000-
000-"Running Make libs in ps7_cortexa9_0/libsrc/emacps_v3_14/src"
000-
000-make -C ps7_cortexa9_0/libsrc/emacps_v3_14/src -s libs  "SHELL=CMD" "COMPILER=arm-none-eabi-gcc" "ASSEMBLER=arm-none-eabi-as" "
000-ARCHIVER=arm-none-eabi-ar" "COMPILER_FLAGS=  -O2 -c" "EXTRA_COMPILER_FLAGS=-mcpu=cortex-a9 -mfpu=vfpv3 -mfloat-abi=hard -nostar
000-tfiles -g -Wall -Wextra -fno-tree-loop-distribute-patterns"
000-
000-"Running Make libs in ps7_cortexa9_0/libsrc/gpiops_v3_9/src"
000-
000-make -C ps7_cortexa9_0/libsrc/gpiops_v3_9/src -s libs  "SHELL=CMD" "COMPILER=arm-none-eabi-gcc" "ASSEMBLER=arm-none-eabi-as" "A
000-RCHIVER=arm-none-eabi-ar" "COMPILER_FLAGS=  -O2 -c" "EXTRA_COMPILER_FLAGS=-mcpu=cortex-a9 -mfpu=vfpv3 -mfloat-abi=hard -nostart
000-files -g -Wall -Wextra -fno-tree-loop-distribute-patterns"
000-
000-"Running Make libs in ps7_cortexa9_0/libsrc/qspips_v3_9/src"
000-
000-make -C ps7_cortexa9_0/libsrc/qspips_v3_9/src -s libs  "SHELL=CMD" "COMPILER=arm-none-eabi-gcc" "ASSEMBLER=arm-none-eabi-as" "A
000-RCHIVER=arm-none-eabi-ar" "COMPILER_FLAGS=  -O2 -c" "EXTRA_COMPILER_FLAGS=-mcpu=cortex-a9 -mfpu=vfpv3 -mfloat-abi=hard -nostart
000-files -g -Wall -Wextra -fno-tree-loop-distribute-patterns"
000-
000-"Running Make libs in ps7_cortexa9_0/libsrc/scugic_v4_5/src"
000-
000-make -C ps7_cortexa9_0/libsrc/scugic_v4_5/src -s libs  "SHELL=CMD" "COMPILER=arm-none-eabi-gcc" "ASSEMBLER=arm-none-eabi-as" "A
000-RCHIVER=arm-none-eabi-ar" "COMPILER_FLAGS=  -O2 -c" "EXTRA_COMPILER_FLAGS=-mcpu=cortex-a9 -mfpu=vfpv3 -mfloat-abi=hard -nostart
000-files -g -Wall -Wextra -fno-tree-loop-distribute-patterns"
000-
000-"Running Make libs in ps7_cortexa9_0/libsrc/scutimer_v2_3/src"
000-
000-make -C ps7_cortexa9_0/libsrc/scutimer_v2_3/src -s libs  "SHELL=CMD" "COMPILER=arm-none-eabi-gcc" "ASSEMBLER=arm-none-eabi-as" 
000-"ARCHIVER=arm-none-eabi-ar" "COMPILER_FLAGS=  -O2 -c" "EXTRA_COMPILER_FLAGS=-mcpu=cortex-a9 -mfpu=vfpv3 -mfloat-abi=hard -nosta
000-rtfiles -g -Wall -Wextra -fno-tree-loop-distribute-patterns"
000-
000-"Running Make libs in ps7_cortexa9_0/libsrc/scuwdt_v2_4/src"
000-
000-make -C ps7_cortexa9_0/libsrc/scuwdt_v2_4/src -s libs  "SHELL=CMD" "COMPILER=arm-none-eabi-gcc" "ASSEMBLER=arm-none-eabi-as" "A
000-RCHIVER=arm-none-eabi-ar" "COMPILER_FLAGS=  -O2 -c" "EXTRA_COMPILER_FLAGS=-mcpu=cortex-a9 -mfpu=vfpv3 -mfloat-abi=hard -nostart
000-files -g -Wall -Wextra -fno-tree-loop-distribute-patterns"
000-
000-"Running Make libs in ps7_cortexa9_0/libsrc/sdps_v3_12/src"
000-
000-make -C ps7_cortexa9_0/libsrc/sdps_v3_12/src -s libs  "SHELL=CMD" "COMPILER=arm-none-eabi-gcc" "ASSEMBLER=arm-none-eabi-as" "AR
000-CHIVER=arm-none-eabi-ar" "COMPILER_FLAGS=  -O2 -c" "EXTRA_COMPILER_FLAGS=-mcpu=cortex-a9 -mfpu=vfpv3 -mfloat-abi=hard -nostartf
000-iles -g -Wall -Wextra -fno-tree-loop-distribute-patterns"
000-
000-"Running Make libs in ps7_cortexa9_0/libsrc/standalone_v7_5/src"
000-
000-make -C ps7_cortexa9_0/libsrc/standalone_v7_5/src -s libs  "SHELL=CMD" "COMPILER=arm-none-eabi-gcc" "ASSEMBLER=arm-none-eabi-as
000-" "ARCHIVER=arm-none-eabi-ar" "COMPILER_FLAGS=  -O2 -c" "EXTRA_COMPILER_FLAGS=-mcpu=cortex-a9 -mfpu=vfpv3 -mfloat-abi=hard -nos
000-tartfiles -g -Wall -Wextra -fno-tree-loop-distribute-patterns"
000-
000-"Running Make libs in ps7_cortexa9_0/libsrc/uartps_v3_11/src"
000-
000-make -C ps7_cortexa9_0/libsrc/uartps_v3_11/src -s libs  "SHELL=CMD" "COMPILER=arm-none-eabi-gcc" "ASSEMBLER=arm-none-eabi-as" "
000-ARCHIVER=arm-none-eabi-ar" "COMPILER_FLAGS=  -O2 -c" "EXTRA_COMPILER_FLAGS=-mcpu=cortex-a9 -mfpu=vfpv3 -mfloat-abi=hard -nostar
000-tfiles -g -Wall -Wextra -fno-tree-loop-distribute-patterns"
000-
000-"Running Make libs in ps7_cortexa9_0/libsrc/usbps_v2_7/src"
000-
000-make -C ps7_cortexa9_0/libsrc/usbps_v2_7/src -s libs  "SHELL=CMD" "COMPILER=arm-none-eabi-gcc" "ASSEMBLER=arm-none-eabi-as" "AR
000-CHIVER=arm-none-eabi-ar" "COMPILER_FLAGS=  -O2 -c" "EXTRA_COMPILER_FLAGS=-mcpu=cortex-a9 -mfpu=vfpv3 -mfloat-abi=hard -nostartf
000-iles -g -Wall -Wextra -fno-tree-loop-distribute-patterns"
000-
000-"Running Make libs in ps7_cortexa9_0/libsrc/xadcps_v2_6/src"
000-
000-make -C ps7_cortexa9_0/libsrc/xadcps_v2_6/src -s libs  "SHELL=CMD" "COMPILER=arm-none-eabi-gcc" "ASSEMBLER=arm-none-eabi-as" "A
000-RCHIVER=arm-none-eabi-ar" "COMPILER_FLAGS=  -O2 -c" "EXTRA_COMPILER_FLAGS=-mcpu=cortex-a9 -mfpu=vfpv3 -mfloat-abi=hard -nostart
000-files -g -Wall -Wextra -fno-tree-loop-distribute-patterns"
000-
000-"Running Make libs in ps7_cortexa9_0/libsrc/xilffs_v4_5/src"
000-
000-make -C ps7_cortexa9_0/libsrc/xilffs_v4_5/src -s libs  "SHELL=CMD" "COMPILER=arm-none-eabi-gcc" "ASSEMBLER=arm-none-eabi-as" "A
000-RCHIVER=arm-none-eabi-ar" "COMPILER_FLAGS=  -O2 -c" "EXTRA_COMPILER_FLAGS=-mcpu=cortex-a9 -mfpu=vfpv3 -mfloat-abi=hard -nostart
000-files -g -Wall -Wextra -fno-tree-loop-distribute-patterns"
000-
000/delay_and_sum_plat45-1-1'#pragma message: For the sleep routines, Global timer is being used'0-xtime_l.c:45:9: note: '#pragma message: For the sleep routines, Global timer is being used'
000-   45 | #pragma message ("For the sleep routines, Global timer is being used")
000-      |         ^~~~~~~
000-'Finished building libraries parallelly.'
000-
000-make --no-print-directory archive
000-
000-arm-none-eabi-ar -r  ps7_cortexa9_0/lib/libxil.a ps7_cortexa9_0/lib/xil_testcache.o ps7_cortexa9_0/lib/xadcps_selftest.o ps7_co
000-rtexa9_0/lib/xplatform_info.o ps7_cortexa9_0/lib/xil_mmu.o ps7_cortexa9_0/lib/_exit.o ps7_cortexa9_0/lib/xusbps_sinit.o ps7_cor
000-texa9_0/lib/xdevcfg_hw.o ps7_cortexa9_0/lib/xil_sleeptimer.o ps7_cortexa9_0/lib/xqspips_options.o ps7_cortexa9_0/lib/xdmaps_g.o
000- ps7_cortexa9_0/lib/xscutimer_g.o ps7_cortexa9_0/lib/xsdps_options.o ps7_cortexa9_0/lib/xil_misc_psreset_api.o ps7_cortexa9_0/l
000-ib/xdmaps_sinit.o ps7_cortexa9_0/lib/xscutimer_sinit.o ps7_cortexa9_0/lib/xemacps_hw.o ps7_cortexa9_0/lib/inbyte.o ps7_cortexa9
000-_0/lib/xdmaps_selftest.o ps7_cortexa9_0/lib/xscutimer_selftest.o ps7_cortexa9_0/lib/putnum.o ps7_cortexa9_0/lib/xqspips_hw.o ps
000-7_cortexa9_0/lib/xgpiops_g.o ps7_cortexa9_0/lib/xsdps.o ps7_cortexa9_0/lib/close.o ps7_cortexa9_0/lib/xgpiops_intr.o ps7_cortex
000-a9_0/lib/xdma_g.o ps7_cortexa9_0/lib/xgpiops_sinit.o ps7_cortexa9_0/lib/xdma_sinit.o ps7_cortexa9_0/lib/xgpiops_selftest.o ps7_
000-cortexa9_0/lib/xscuwdt.o ps7_cortexa9_0/lib/xgpiops.o ps7_cortexa9_0/lib/xil_clocking.o ps7_cortexa9_0/lib/xil_mem.o ps7_cortex
000-a9_0/lib/time.o ps7_cortexa9_0/lib/xil_printf.o ps7_cortexa9_0/lib/kill.o ps7_cortexa9_0/lib/xuartps_g.o ps7_cortexa9_0/lib/xad
000-cps.o ps7_cortexa9_0/lib/xuartps_sinit.o ps7_cortexa9_0/lib/xuartps_selftest.o ps7_cortexa9_0/lib/lseek.o ps7_cortexa9_0/lib/xu
000-sbps_hw.o ps7_cortexa9_0/lib/xl2cc_counter.o ps7_cortexa9_0/lib/asm_vectors.o ps7_cortexa9_0/lib/abort.o ps7_cortexa9_0/lib/xsc
000-ugic_intr.o ps7_cortexa9_0/lib/getpid.o ps7_cortexa9_0/lib/xdevcfg_sinit.o ps7_cortexa9_0/lib/xdmaps.o ps7_cortexa9_0/lib/xscut
000-imer.o ps7_cortexa9_0/lib/xdevcfg_selftest.o ps7_cortexa9_0/lib/xpm_counter.o ps7_cortexa9_0/lib/_sbrk.o ps7_cortexa9_0/lib/xem
000-acps_sinit.o ps7_cortexa9_0/lib/xqspips_g.o ps7_cortexa9_0/lib/xusbps.o ps7_cortexa9_0/lib/xusbps_endpoint.o ps7_cortexa9_0/lib
000-/xusbps_g.o ps7_cortexa9_0/lib/xsdps_sinit.o ps7_cortexa9_0/lib/xqspips_selftest.o ps7_cortexa9_0/lib/xil_exception.o ps7_corte
000-xa9_0/lib/xil_testmem.o ps7_cortexa9_0/lib/xemacps_control.o ps7_cortexa9_0/lib/open.o ps7_cortexa9_0/lib/xil_assert.o ps7_cort
000-exa9_0/lib/xusbps_intr.o ps7_cortexa9_0/lib/xsdps_host.o ps7_cortexa9_0/lib/xcoresightpsdcc.o ps7_cortexa9_0/lib/xscugic_hw.o p
000-s7_cortexa9_0/lib/sleep.o ps7_cortexa9_0/lib/cpputest_time.o ps7_cortexa9_0/lib/_open.o ps7_cortexa9_0/lib/fcntl.o ps7_cortexa9
000-_0/lib/print.o ps7_cortexa9_0/lib/read.o ps7_cortexa9_0/lib/xdevcfg.o ps7_cortexa9_0/lib/xadcps_intr.o ps7_cortexa9_0/lib/xqspi
000-ps.o ps7_cortexa9_0/lib/xemacps.o ps7_cortexa9_0/lib/xil_cache.o ps7_cortexa9_0/lib/xil_testio.o ps7_cortexa9_0/lib/unlink.o ps
000-7_cortexa9_0/lib/xil_spinlock.o ps7_cortexa9_0/lib/translation_table.o ps7_cortexa9_0/lib/write.o ps7_cortexa9_0/lib/boot.o ps7
000-_cortexa9_0/lib/xemacps_bdring.o ps7_cortexa9_0/lib/cpu_init.o ps7_cortexa9_0/lib/vectors.o ps7_cortexa9_0/lib/usleep.o ps7_cor
000-texa9_0/lib/xil_sleepcommon.o ps7_cortexa9_0/lib/xscugic_g.o ps7_cortexa9_0/lib/xscugic_sinit.o ps7_cortexa9_0/lib/xdevcfg_g.o 
000-ps7_cortexa9_0/lib/outbyte.o ps7_cortexa9_0/lib/xtime_l.o ps7_cortexa9_0/lib/xdma_linux.o ps7_cortexa9_0/lib/xscugic_selftest.o
000- ps7_cortexa9_0/lib/xil_util.o ps7_cortexa9_0/lib/xuartps_intr.o ps7_cortexa9_0/lib/xuartps.o ps7_cortexa9_0/lib/xsdps_card.o p
000-s7_cortexa9_0/lib/xdmaps_hw.o ps7_cortexa9_0/lib/sbrk.o ps7_cortexa9_0/lib/xgpiops_hw.o ps7_cortexa9_0/lib/xsdps_g.o ps7_cortex
000-a9_0/lib/fstat.o ps7_cortexa9_0/lib/errno.o ps7_cortexa9_0/lib/xdevcfg_intr.o ps7_cortexa9_0/lib/xuartps_options.o ps7_cortexa9
000-_0/lib/xscuwdt_g.o ps7_cortexa9_0/lib/xdma.o ps7_cortexa9_0/lib/xemacps_g.o ps7_cortexa9_0/lib/xscuwdt_sinit.o ps7_cortexa9_0/l
000-ib/xemacps_intr.o ps7_cortexa9_0/lib/xscuwdt_selftest.o ps7_cortexa9_0/lib/isatty.o ps7_cortexa9_0/lib/xil-crt0.o ps7_cortexa9_
000-0/lib/xscugic.o ps7_cortexa9_0/lib/xuartps_hw.o ps7_cortexa9_0/lib/xadcps_g.o ps7_cortexa9_0/lib/xqspips_sinit.o ps7_cortexa9_0
000-/lib/xadcps_sinit.o
000-
000-'Finished building libraries'
000-
000-make: Leaving directory 'C:/Users/CamLT/AX7010_Work/UltrasonicFPGA2021/delay-and-sum/delay_and_sum_plat/zynq_fsbl/zynq_fsbl_bsp
000-'
000-
000-arm-none-eabi-gcc -MMD -MP       -mcpu=cortex-a9 -mfpu=vfpv3 -mfloat-abi=hard   -O2 -c -c sd.c -o sd.o -Izynq_fsbl_bsp/ps7_cort
000-exa9_0/include -I.
000-
000-arm-none-eabi-gcc -MMD -MP       -mcpu=cortex-a9 -mfpu=vfpv3 -mfloat-abi=hard   -O2 -c -c nand.c -o nand.o -Izynq_fsbl_bsp/ps7_
000-cortexa9_0/include -I.
000-
000-arm-none-eabi-gcc -MMD -MP       -mcpu=cortex-a9 -mfpu=vfpv3 -mfloat-abi=hard   -O2 -c -c image_mover.c -o image_mover.o -Izynq
000-_fsbl_bsp/ps7_cortexa9_0/include -I.
000-
000-arm-none-eabi-gcc -MMD -MP       -mcpu=cortex-a9 -mfpu=vfpv3 -mfloat-abi=hard   -O2 -c -c md5.c -o md5.o -Izynq_fsbl_bsp/ps7_co
000-rtexa9_0/include -I.
000-
000-arm-none-eabi-gcc -MMD -MP       -mcpu=cortex-a9 -mfpu=vfpv3 -mfloat-abi=hard   -O2 -c -c fsbl_hooks.c -o fsbl_hooks.o -Izynq_f
000-sbl_bsp/ps7_cortexa9_0/include -I.
000-
000-arm-none-eabi-gcc -MMD -MP       -mcpu=cortex-a9 -mfpu=vfpv3 -mfloat-abi=hard   -O2 -c -c main.c -o main.o -Izynq_fsbl_bsp/ps7_
000-cortexa9_0/include -I.
000-
000-arm-none-eabi-gcc -MMD -MP       -mcpu=cortex-a9 -mfpu=vfpv3 -mfloat-abi=hard   -O2 -c -c rsa.c -o rsa.o -Izynq_fsbl_bsp/ps7_co
000-rtexa9_0/include -I.
000-
000-arm-none-eabi-gcc -MMD -MP       -mcpu=cortex-a9 -mfpu=vfpv3 -mfloat-abi=hard   -O2 -c -c nor.c -o nor.o -Izynq_fsbl_bsp/ps7_co
000-rtexa9_0/include -I.
000-
000-arm-none-eabi-gcc -MMD -MP       -mcpu=cortex-a9 -mfpu=vfpv3 -mfloat-abi=hard   -O2 -c -c qspi.c -o qspi.o -Izynq_fsbl_bsp/ps7_
000-cortexa9_0/include -I.
000-
000-arm-none-eabi-gcc -MMD -MP       -mcpu=cortex-a9 -mfpu=vfpv3 -mfloat-abi=hard   -O2 -c -c ps7_init.c -o ps7_init.o -Izynq_fsbl_
000-bsp/ps7_cortexa9_0/include -I.
000-
000-arm-none-eabi-gcc -MMD -MP       -mcpu=cortex-a9 -mfpu=vfpv3 -mfloat-abi=hard   -O2 -c -c pcap.c -o pcap.o -Izynq_fsbl_bsp/ps7_
000-cortexa9_0/include -I.
000-
000-arm-none-eabi-gcc -MMD -MP       -mcpu=cortex-a9 -mfpu=vfpv3 -mfloat-abi=hard   -O2 -c -c fsbl_handoff.S -o fsbl_handoff.o -Izy
000-nq_fsbl_bsp/ps7_cortexa9_0/include -I.
000-
000-arm-none-eabi-gcc -o fsbl.elf  sd.o  nand.o  image_mover.o  md5.o  fsbl_hooks.o  main.o  rsa.o  nor.o  qspi.o  ps7_init.o  pcap
000-.o  fsbl_handoff.o -MMD -MP       -mcpu=cortex-a9 -mfpu=vfpv3 -mfloat-abi=hard   -mcpu=cortex-a9 -mfpu=vfpv3 -mfloat-abi=hard -
000-Wl,-build-id=none -specs=Xilinx.spec  -lrsa -Wl,--start-group,-lxil,-lgcc,-lc,--end-group -Wl,--start-group,-lxilffs,-lxil,-lgc
000-c,-lc,--end-group -Wl,--start-group,-lrsa,-lxil,-lgcc,-lc,--end-group -Wl,--start-group,-lxil,-llwip4,-lgcc,-lc,--end-group    
000-                                -Wl,--gc-sections -Lzynq_fsbl_bsp/ps7_cortexa9_0/lib -L./ -Tlscript.ld
000-
000-Building the BSP Library for domain  - standalone_domain on processor ps7_cortexa9_0
000-make --no-print-directory seq_libs
000-
000-"Running Make include in ps7_cortexa9_0/libsrc/coresightps_dcc_v1_8/src"
000-
000-make -C ps7_cortexa9_0/libsrc/coresightps_dcc_v1_8/src -s include  "SHELL=CMD" "COMPILER=arm-none-eabi-gcc" "ASSEMBLER=arm-none
000--eabi-as" "ARCHIVER=arm-none-eabi-ar" "COMPILER_FLAGS=  -O2 -c" "EXTRA_COMPILER_FLAGS=-mcpu=cortex-a9 -mfpu=vfpv3 -mfloat-abi=h
000-ard -nostartfiles -g -Wall -Wextra -fno-tree-loop-distribute-patterns"
000-
000-"Running Make include in ps7_cortexa9_0/libsrc/cpu_cortexa9_v2_11/src"
000-
000-make -C ps7_cortexa9_0/libsrc/cpu_cortexa9_v2_11/src -s include  "SHELL=CMD" "COMPILER=arm-none-eabi-gcc" "ASSEMBLER=arm-none-e
000-abi-as" "ARCHIVER=arm-none-eabi-ar" "COMPILER_FLAGS=  -O2 -c" "EXTRA_COMPILER_FLAGS=-mcpu=cortex-a9 -mfpu=vfpv3 -mfloat-abi=har
000-d -nostartfiles -g -Wall -Wextra -fno-tree-loop-distribute-patterns"
000-
000-"Running Make include in ps7_cortexa9_0/libsrc/ddrps_v1_2/src"
000-
000-make -C ps7_cortexa9_0/libsrc/ddrps_v1_2/src -s include  "SHELL=CMD" "COMPILER=arm-none-eabi-gcc" "ASSEMBLER=arm-none-eabi-as" 
000-"ARCHIVER=arm-none-eabi-ar" "COMPILER_FLAGS=  -O2 -c" "EXTRA_COMPILER_FLAGS=-mcpu=cortex-a9 -mfpu=vfpv3 -mfloat-abi=hard -nosta
000-rtfiles -g -Wall -Wextra -fno-tree-loop-distribute-patterns"
000-
000-"Running Make include in ps7_cortexa9_0/libsrc/devcfg_v3_7/src"
000-
000-make -C ps7_cortexa9_0/libsrc/devcfg_v3_7/src -s include  "SHELL=CMD" "COMPILER=arm-none-eabi-gcc" "ASSEMBLER=arm-none-eabi-as"
000- "ARCHIVER=arm-none-eabi-ar" "COMPILER_FLAGS=  -O2 -c" "EXTRA_COMPILER_FLAGS=-mcpu=cortex-a9 -mfpu=vfpv3 -mfloat-abi=hard -nost
000-artfiles -g -Wall -Wextra -fno-tree-loop-distribute-patterns"
000-
000-"Running Make include in ps7_cortexa9_0/libsrc/dmaps_v2_8/src"
000-
000-make -C ps7_cortexa9_0/libsrc/dmaps_v2_8/src -s include  "SHELL=CMD" "COMPILER=arm-none-eabi-gcc" "ASSEMBLER=arm-none-eabi-as" 
000-"ARCHIVER=arm-none-eabi-ar" "COMPILER_FLAGS=  -O2 -c" "EXTRA_COMPILER_FLAGS=-mcpu=cortex-a9 -mfpu=vfpv3 -mfloat-abi=hard -nosta
000-rtfiles -g -Wall -Wextra -fno-tree-loop-distribute-patterns"
000-
000-"Running Make include in ps7_cortexa9_0/libsrc/DMA_v1_0/src"
000-
000-make -C ps7_cortexa9_0/libsrc/DMA_v1_0/src -s include  "SHELL=CMD" "COMPILER=arm-none-eabi-gcc" "ASSEMBLER=arm-none-eabi-as" "A
000-RCHIVER=arm-none-eabi-ar" "COMPILER_FLAGS=  -O2 -c" "EXTRA_COMPILER_FLAGS=-mcpu=cortex-a9 -mfpu=vfpv3 -mfloat-abi=hard -nostart
000-files -g -Wall -Wextra -fno-tree-loop-distribute-patterns"
000-
000-"Running Make include in ps7_cortexa9_0/libsrc/emacps_v3_14/src"
000-
000-make -C ps7_cortexa9_0/libsrc/emacps_v3_14/src -s include  "SHELL=CMD" "COMPILER=arm-none-eabi-gcc" "ASSEMBLER=arm-none-eabi-as
000-" "ARCHIVER=arm-none-eabi-ar" "COMPILER_FLAGS=  -O2 -c" "EXTRA_COMPILER_FLAGS=-mcpu=cortex-a9 -mfpu=vfpv3 -mfloat-abi=hard -nos
000-tartfiles -g -Wall -Wextra -fno-tree-loop-distribute-patterns"
000-
000-"Running Make include in ps7_cortexa9_0/libsrc/gpiops_v3_9/src"
000-
000-make -C ps7_cortexa9_0/libsrc/gpiops_v3_9/src -s include  "SHELL=CMD" "COMPILER=arm-none-eabi-gcc" "ASSEMBLER=arm-none-eabi-as"
000- "ARCHIVER=arm-none-eabi-ar" "COMPILER_FLAGS=  -O2 -c" "EXTRA_COMPILER_FLAGS=-mcpu=cortex-a9 -mfpu=vfpv3 -mfloat-abi=hard -nost
000-artfiles -g -Wall -Wextra -fno-tree-loop-distribute-patterns"
000-
000-"Running Make include in ps7_cortexa9_0/libsrc/lwip211_v1_5/src"
000-
000-make -C ps7_cortexa9_0/libsrc/lwip211_v1_5/src -s include  "SHELL=CMD" "COMPILER=arm-none-eabi-gcc" "ASSEMBLER=arm-none-eabi-as
000-" "ARCHIVER=arm-none-eabi-ar" "COMPILER_FLAGS=  -O2 -c" "EXTRA_COMPILER_FLAGS=-mcpu=cortex-a9 -mfpu=vfpv3 -mfloat-abi=hard -nos
000-tartfiles -g -Wall -Wextra -fno-tree-loop-distribute-patterns"
000-
000-"Running Make include in ps7_cortexa9_0/libsrc/qspips_v3_9/src"
000-
000-make -C ps7_cortexa9_0/libsrc/qspips_v3_9/src -s include  "SHELL=CMD" "COMPILER=arm-none-eabi-gcc" "ASSEMBLER=arm-none-eabi-as"
000- "ARCHIVER=arm-none-eabi-ar" "COMPILER_FLAGS=  -O2 -c" "EXTRA_COMPILER_FLAGS=-mcpu=cortex-a9 -mfpu=vfpv3 -mfloat-abi=hard -nost
000-artfiles -g -Wall -Wextra -fno-tree-loop-distribute-patterns"
000-
000-"Running Make include in ps7_cortexa9_0/libsrc/scugic_v4_5/src"
000-
000-make -C ps7_cortexa9_0/libsrc/scugic_v4_5/src -s include  "SHELL=CMD" "COMPILER=arm-none-eabi-gcc" "ASSEMBLER=arm-none-eabi-as"
000- "ARCHIVER=arm-none-eabi-ar" "COMPILER_FLAGS=  -O2 -c" "EXTRA_COMPILER_FLAGS=-mcpu=cortex-a9 -mfpu=vfpv3 -mfloat-abi=hard -nost
000-artfiles -g -Wall -Wextra -fno-tree-loop-distribute-patterns"
000-
000-"Running Make include in ps7_cortexa9_0/libsrc/scutimer_v2_3/src"
000-
000-make -C ps7_cortexa9_0/libsrc/scutimer_v2_3/src -s include  "SHELL=CMD" "COMPILER=arm-none-eabi-gcc" "ASSEMBLER=arm-none-eabi-a
000-s" "ARCHIVER=arm-none-eabi-ar" "COMPILER_FLAGS=  -O2 -c" "EXTRA_COMPILER_FLAGS=-mcpu=cortex-a9 -mfpu=vfpv3 -mfloat-abi=hard -no
000-startfiles -g -Wall -Wextra -fno-tree-loop-distribute-patterns"
000-
000-"Running Make include in ps7_cortexa9_0/libsrc/scuwdt_v2_4/src"
000-
000-make -C ps7_cortexa9_0/libsrc/scuwdt_v2_4/src -s include  "SHELL=CMD" "COMPILER=arm-none-eabi-gcc" "ASSEMBLER=arm-none-eabi-as"
000- "ARCHIVER=arm-none-eabi-ar" "COMPILER_FLAGS=  -O2 -c" "EXTRA_COMPILER_FLAGS=-mcpu=cortex-a9 -mfpu=vfpv3 -mfloat-abi=hard -nost
000-artfiles -g -Wall -Wextra -fno-tree-loop-distribute-patterns"
000-
000-"Running Make include in ps7_cortexa9_0/libsrc/sdps_v3_12/src"
000-
000-make -C ps7_cortexa9_0/libsrc/sdps_v3_12/src -s include  "SHELL=CMD" "COMPILER=arm-none-eabi-gcc" "ASSEMBLER=arm-none-eabi-as" 
000-"ARCHIVER=arm-none-eabi-ar" "COMPILER_FLAGS=  -O2 -c" "EXTRA_COMPILER_FLAGS=-mcpu=cortex-a9 -mfpu=vfpv3 -mfloat-abi=hard -nosta
000-rtfiles -g -Wall -Wextra -fno-tree-loop-distribute-patterns"
000-
000-"Running Make include in ps7_cortexa9_0/libsrc/standalone_v7_5/src"
000-
000-make -C ps7_cortexa9_0/libsrc/standalone_v7_5/src -s include  "SHELL=CMD" "COMPILER=arm-none-eabi-gcc" "ASSEMBLER=arm-none-eabi
000--as" "ARCHIVER=arm-none-eabi-ar" "COMPILER_FLAGS=  -O2 -c" "EXTRA_COMPILER_FLAGS=-mcpu=cortex-a9 -mfpu=vfpv3 -mfloat-abi=hard -
000-nostartfiles -g -Wall -Wextra -fno-tree-loop-distribute-patterns"
000-
000-"Running Make include in ps7_cortexa9_0/libsrc/uartps_v3_11/src"
000-
000-make -C ps7_cortexa9_0/libsrc/uartps_v3_11/src -s include  "SHELL=CMD" "COMPILER=arm-none-eabi-gcc" "ASSEMBLER=arm-none-eabi-as
000-" "ARCHIVER=arm-none-eabi-ar" "COMPILER_FLAGS=  -O2 -c" "EXTRA_COMPILER_FLAGS=-mcpu=cortex-a9 -mfpu=vfpv3 -mfloat-abi=hard -nos
000-tartfiles -g -Wall -Wextra -fno-tree-loop-distribute-patterns"
000-
000-"Running Make include in ps7_cortexa9_0/libsrc/usbps_v2_7/src"
000-
000-make -C ps7_cortexa9_0/libsrc/usbps_v2_7/src -s include  "SHELL=CMD" "COMPILER=arm-none-eabi-gcc" "ASSEMBLER=arm-none-eabi-as" 
000-"ARCHIVER=arm-none-eabi-ar" "COMPILER_FLAGS=  -O2 -c" "EXTRA_COMPILER_FLAGS=-mcpu=cortex-a9 -mfpu=vfpv3 -mfloat-abi=hard -nosta
000-rtfiles -g -Wall -Wextra -fno-tree-loop-distribute-patterns"
000-
000-"Running Make include in ps7_cortexa9_0/libsrc/xadcps_v2_6/src"
000-
000-make -C ps7_cortexa9_0/libsrc/xadcps_v2_6/src -s include  "SHELL=CMD" "COMPILER=arm-none-eabi-gcc" "ASSEMBLER=arm-none-eabi-as"
000- "ARCHIVER=arm-none-eabi-ar" "COMPILER_FLAGS=  -O2 -c" "EXTRA_COMPILER_FLAGS=-mcpu=cortex-a9 -mfpu=vfpv3 -mfloat-abi=hard -nost
000-artfiles -g -Wall -Wextra -fno-tree-loop-distribute-patterns"
000-
000-"Running Make libs in ps7_cortexa9_0/libsrc/DMA_v1_0/src"
000-
000-make -C ps7_cortexa9_0/libsrc/DMA_v1_0/src -s libs  "SHELL=CMD" "COMPILER=arm-none-eabi-gcc" "ASSEMBLER=arm-none-eabi-as" "ARCH
000-IVER=arm-none-eabi-ar" "COMPILER_FLAGS=  -O2 -c" "EXTRA_COMPILER_FLAGS=-mcpu=cortex-a9 -mfpu=vfpv3 -mfloat-abi=hard -nostartfil
000-es -g -Wall -Wextra -fno-tree-loop-distribute-patterns"
000-
000-arm-none-eabi-ar: creating ../../../lib/libxil.a
000-"Building DMA"
000-
000-"Running Make libs in ps7_cortexa9_0/libsrc/lwip211_v1_5/src"
000-
000-make -C ps7_cortexa9_0/libsrc/lwip211_v1_5/src -s libs  "SHELL=CMD" "COMPILER=arm-none-eabi-gcc" "ASSEMBLER=arm-none-eabi-as" "
000-ARCHIVER=arm-none-eabi-ar" "COMPILER_FLAGS=  -O2 -c" "EXTRA_COMPILER_FLAGS=-mcpu=cortex-a9 -mfpu=vfpv3 -mfloat-abi=hard -nostar
000-tfiles -g -Wall -Wextra -fno-tree-loop-distribute-patterns"
000-
000-"Compiling lwip src and adapter files"
000-
000-In file included from ../../../include/xemacps.h:329,
000-                 from ../../../include/netif/xemacpsif.h:56,
000-                 from contrib/ports/xilinx/netif/xemacpsif_dma.c:37:
000-contrib/ports/xilinx/netif/xemacpsif_dma.c: In function 'init_dma':
000/delay_and_sum_plat/ps7_cortexa9_0/standalone_domain/bsp/ps7_cortexa9_0/include/xemacps_hw.h593-1-1'bdrxterminate' may be used uninitialized in this function [-Wmaybe-uninitialized]1-../../../include/xemacps_hw.h:593:23: warning: 'bdrxterminate' may be used uninitialized in this function [-Wmaybe-uninitialized]
000-  593 | #define XEmacPs_Out32 Xil_Out32
000-      |                       ^~~~~~~~~
000/delay_and_sum_plat568-1-1'bdrxterminate' was declared here0-contrib/ports/xilinx/netif/xemacpsif_dma.c:568:14: note: 'bdrxterminate' was declared here
000-  568 |  XEmacPs_Bd *bdrxterminate;
000-      |              ^~~~~~~~~~~~~
000-In file included from ../../../include/xemacps.h:330,
000-                 from ../../../include/netif/xemacpsif.h:56,
000-                 from contrib/ports/xilinx/netif/xemacpsif_dma.c:37:
000/delay_and_sum_plat/ps7_cortexa9_0/standalone_domain/bsp/ps7_cortexa9_0/include/xemacps_bd.h120-1-1'bdtxterminate' may be used uninitialized in this function [-Wmaybe-uninitialized]1-../../../include/xemacps_bd.h:120:12: warning: 'bdtxterminate' may be used uninitialized in this function [-Wmaybe-uninitialized]
000-  120 |  (*(u32 *)((UINTPTR)((void*)(BaseAddress)) + (u32)(Offset)))
000-      |            ^
000/delay_and_sum_plat567-1-1'bdtxterminate' was declared here0-contrib/ports/xilinx/netif/xemacpsif_dma.c:567:14: note: 'bdtxterminate' was declared here
000-  567 |  XEmacPs_Bd *bdtxterminate;
000-      |              ^~~~~~~~~~~~~
000-'Finished building libraries sequentially.'
000-
000-make -j 14 --no-print-directory par_libs
000-
000-"Running Make include in ps7_cortexa9_0/libsrc/coresightps_dcc_v1_8/src"
000-
000-make -C ps7_cortexa9_0/libsrc/coresightps_dcc_v1_8/src -s include  "SHELL=CMD" "COMPILER=arm-none-eabi-gcc" "ASSEMBLER=arm-none
000--eabi-as" "ARCHIVER=arm-none-eabi-ar" "COMPILER_FLAGS=  -O2 -c" "EXTRA_COMPILER_FLAGS=-mcpu=cortex-a9 -mfpu=vfpv3 -mfloat-abi=h
000-ard -nostartfiles -g -Wall -Wextra -fno-tree-loop-distribute-patterns"
000-
000-"Running Make include in ps7_cortexa9_0/libsrc/cpu_cortexa9_v2_11/src"
000-
000-make -C ps7_cortexa9_0/libsrc/cpu_cortexa9_v2_11/src -s include  "SHELL=CMD" "COMPILER=arm-none-eabi-gcc" "ASSEMBLER=arm-none-e
000-abi-as" "ARCHIVER=arm-none-eabi-ar" "COMPILER_FLAGS=  -O2 -c" "EXTRA_COMPILER_FLAGS=-mcpu=cortex-a9 -mfpu=vfpv3 -mfloat-abi=har
000-d -nostartfiles -g -Wall -Wextra -fno-tree-loop-distribute-patterns"
000-
000-"Running Make include in ps7_cortexa9_0/libsrc/ddrps_v1_2/src"
000-
000-make -C ps7_cortexa9_0/libsrc/ddrps_v1_2/src -s include  "SHELL=CMD" "COMPILER=arm-none-eabi-gcc" "ASSEMBLER=arm-none-eabi-as" 
000-"ARCHIVER=arm-none-eabi-ar" "COMPILER_FLAGS=  -O2 -c" "EXTRA_COMPILER_FLAGS=-mcpu=cortex-a9 -mfpu=vfpv3 -mfloat-abi=hard -nosta
000-rtfiles -g -Wall -Wextra -fno-tree-loop-distribute-patterns"
000-
000-"Running Make include in ps7_cortexa9_0/libsrc/devcfg_v3_7/src"
000-
000-make -C ps7_cortexa9_0/libsrc/devcfg_v3_7/src -s include  "SHELL=CMD" "COMPILER=arm-none-eabi-gcc" "ASSEMBLER=arm-none-eabi-as"
000- "ARCHIVER=arm-none-eabi-ar" "COMPILER_FLAGS=  -O2 -c" "EXTRA_COMPILER_FLAGS=-mcpu=cortex-a9 -mfpu=vfpv3 -mfloat-abi=hard -nost
000-artfiles -g -Wall -Wextra -fno-tree-loop-distribute-patterns"
000-
000-"Running Make include in ps7_cortexa9_0/libsrc/dmaps_v2_8/src"
000-
000-"Running Make include in ps7_cortexa9_0/libsrc/DMA_v1_0/src"
000-
000-make -C ps7_cortexa9_0/libsrc/dmaps_v2_8/src -s include  "SHELL=CMD" "COMPILER=arm-none-eabi-gcc" "ASSEMBLER=arm-none-eabi-as" 
000-"ARCHIVER=arm-none-eabi-ar" "COMPILER_FLAGS=  -O2 -c" "EXTRA_COMPILER_FLAGS=-mcpu=cortex-a9 -mfpu=vfpv3 -mfloat-abi=hard -nosta
000-rtfiles -g -Wall -Wextra -fno-tree-loop-distribute-patterns"
000-
000-make -C ps7_cortexa9_0/libsrc/DMA_v1_0/src -s include  "SHELL=CMD" "COMPILER=arm-none-eabi-gcc" "ASSEMBLER=arm-none-eabi-as" "A
000-RCHIVER=arm-none-eabi-ar" "COMPILER_FLAGS=  -O2 -c" "EXTRA_COMPILER_FLAGS=-mcpu=cortex-a9 -mfpu=vfpv3 -mfloat-abi=hard -nostart
000-files -g -Wall -Wextra -fno-tree-loop-distribute-patterns"
000-
000-"Running Make include in ps7_cortexa9_0/libsrc/emacps_v3_14/src"
000-
000-make -C ps7_cortexa9_0/libsrc/emacps_v3_14/src -s include  "SHELL=CMD" "COMPILER=arm-none-eabi-gcc" "ASSEMBLER=arm-none-eabi-as
000-" "ARCHIVER=arm-none-eabi-ar" "COMPILER_FLAGS=  -O2 -c" "EXTRA_COMPILER_FLAGS=-mcpu=cortex-a9 -mfpu=vfpv3 -mfloat-abi=hard -nos
000-tartfiles -g -Wall -Wextra -fno-tree-loop-distribute-patterns"
000-
000-"Running Make include in ps7_cortexa9_0/libsrc/gpiops_v3_9/src"
000-
000-"Running Make include in ps7_cortexa9_0/libsrc/lwip211_v1_5/src"
000-
000-make -C ps7_cortexa9_0/libsrc/gpiops_v3_9/src -s include  "SHELL=CMD" "COMPILER=arm-none-eabi-gcc" "ASSEMBLER=arm-none-eabi-as"
000- "ARCHIVER=arm-none-eabi-ar" "COMPILER_FLAGS=  -O2 -c" "EXTRA_COMPILER_FLAGS=-mcpu=cortex-a9 -mfpu=vfpv3 -mfloat-abi=hard -nost
000-artfiles -g -Wall -Wextra -fno-tree-loop-distribute-patterns"
000-
000-make -C ps7_cortexa9_0/libsrc/lwip211_v1_5/src -s include  "SHELL=CMD" "COMPILER=arm-none-eabi-gcc" "ASSEMBLER=arm-none-eabi-as
000-" "ARCHIVER=arm-none-eabi-ar" "COMPILER_FLAGS=  -O2 -c" "EXTRA_COMPILER_FLAGS=-mcpu=cortex-a9 -mfpu=vfpv3 -mfloat-abi=hard -nos
000-tartfiles -g -Wall -Wextra -fno-tree-loop-distribute-patterns"
000-
000-"Running Make include in ps7_cortexa9_0/libsrc/qspips_v3_9/src"
000-
000-make -C ps7_cortexa9_0/libsrc/qspips_v3_9/src -s include  "SHELL=CMD" "COMPILER=arm-none-eabi-gcc" "ASSEMBLER=arm-none-eabi-as"
000- "ARCHIVER=arm-none-eabi-ar" "COMPILER_FLAGS=  -O2 -c" "EXTRA_COMPILER_FLAGS=-mcpu=cortex-a9 -mfpu=vfpv3 -mfloat-abi=hard -nost
000-artfiles -g -Wall -Wextra -fno-tree-loop-distribute-patterns"
000-
000-"Running Make include in ps7_cortexa9_0/libsrc/scugic_v4_5/src"
000-
000-make -C ps7_cortexa9_0/libsrc/scugic_v4_5/src -s include  "SHELL=CMD" "COMPILER=arm-none-eabi-gcc" "ASSEMBLER=arm-none-eabi-as"
000- "ARCHIVER=arm-none-eabi-ar" "COMPILER_FLAGS=  -O2 -c" "EXTRA_COMPILER_FLAGS=-mcpu=cortex-a9 -mfpu=vfpv3 -mfloat-abi=hard -nost
000-artfiles -g -Wall -Wextra -fno-tree-loop-distribute-patterns"
000-
000-"Running Make include in ps7_cortexa9_0/libsrc/scutimer_v2_3/src"
000-
000-make -C ps7_cortexa9_0/libsrc/scutimer_v2_3/src -s include  "SHELL=CMD" "COMPILER=arm-none-eabi-gcc" "ASSEMBLER=arm-none-eabi-a
000-s" "ARCHIVER=arm-none-eabi-ar" "COMPILER_FLAGS=  -O2 -c" "EXTRA_COMPILER_FLAGS=-mcpu=cortex-a9 -mfpu=vfpv3 -mfloat-abi=hard -no
000-startfiles -g -Wall -Wextra -fno-tree-loop-distribute-patterns"
000-
000-"Running Make include in ps7_cortexa9_0/libsrc/scuwdt_v2_4/src"
000-
000-"Running Make include in ps7_cortexa9_0/libsrc/sdps_v3_12/src"
000-
000-make -C ps7_cortexa9_0/libsrc/scuwdt_v2_4/src -s include  "SHELL=CMD" "COMPILER=arm-none-eabi-gcc" "ASSEMBLER=arm-none-eabi-as"
000- "ARCHIVER=arm-none-eabi-ar" "COMPILER_FLAGS=  -O2 -c" "EXTRA_COMPILER_FLAGS=-mcpu=cortex-a9 -mfpu=vfpv3 -mfloat-abi=hard -nost
000-artfiles -g -Wall -Wextra -fno-tree-loop-distribute-patterns"
000-
000-make -C ps7_cortexa9_0/libsrc/sdps_v3_12/src -s include  "SHELL=CMD" "COMPILER=arm-none-eabi-gcc" "ASSEMBLER=arm-none-eabi-as" 
000-"ARCHIVER=arm-none-eabi-ar" "COMPILER_FLAGS=  -O2 -c" "EXTRA_COMPILER_FLAGS=-mcpu=cortex-a9 -mfpu=vfpv3 -mfloat-abi=hard -nosta
000-rtfiles -g -Wall -Wextra -fno-tree-loop-distribute-patterns"
000-
000-"Running Make include in ps7_cortexa9_0/libsrc/standalone_v7_5/src"
000-
000-make -C ps7_cortexa9_0/libsrc/standalone_v7_5/src -s include  "SHELL=CMD" "COMPILER=arm-none-eabi-gcc" "ASSEMBLER=arm-none-eabi
000--as" "ARCHIVER=arm-none-eabi-ar" "COMPILER_FLAGS=  -O2 -c" "EXTRA_COMPILER_FLAGS=-mcpu=cortex-a9 -mfpu=vfpv3 -mfloat-abi=hard -
000-nostartfiles -g -Wall -Wextra -fno-tree-loop-distribute-patterns"
000-
000-"Running Make include in ps7_cortexa9_0/libsrc/uartps_v3_11/src"
000-
000-make -C ps7_cortexa9_0/libsrc/uartps_v3_11/src -s include  "SHELL=CMD" "COMPILER=arm-none-eabi-gcc" "ASSEMBLER=arm-none-eabi-as
000-" "ARCHIVER=arm-none-eabi-ar" "COMPILER_FLAGS=  -O2 -c" "EXTRA_COMPILER_FLAGS=-mcpu=cortex-a9 -mfpu=vfpv3 -mfloat-abi=hard -nos
000-tartfiles -g -Wall -Wextra -fno-tree-loop-distribute-patterns"
000-
000-"Running Make include in ps7_cortexa9_0/libsrc/usbps_v2_7/src"
000-
000-make -C ps7_cortexa9_0/libsrc/usbps_v2_7/src -s include  "SHELL=CMD" "COMPILER=arm-none-eabi-gcc" "ASSEMBLER=arm-none-eabi-as" 
000-"ARCHIVER=arm-none-eabi-ar" "COMPILER_FLAGS=  -O2 -c" "EXTRA_COMPILER_FLAGS=-mcpu=cortex-a9 -mfpu=vfpv3 -mfloat-abi=hard -nosta
000-rtfiles -g -Wall -Wextra -fno-tree-loop-distribute-patterns"
000-
000-"Running Make include in ps7_cortexa9_0/libsrc/xadcps_v2_6/src"
000-
000-make -C ps7_cortexa9_0/libsrc/xadcps_v2_6/src -s include  "SHELL=CMD" "COMPILER=arm-none-eabi-gcc" "ASSEMBLER=arm-none-eabi-as"
000- "ARCHIVER=arm-none-eabi-ar" "COMPILER_FLAGS=  -O2 -c" "EXTRA_COMPILER_FLAGS=-mcpu=cortex-a9 -mfpu=vfpv3 -mfloat-abi=hard -nost
000-artfiles -g -Wall -Wextra -fno-tree-loop-distribute-patterns"
000-
000-"Running Make libs in ps7_cortexa9_0/libsrc/coresightps_dcc_v1_8/src"
000-
000-make -C ps7_cortexa9_0/libsrc/coresightps_dcc_v1_8/src -s libs  "SHELL=CMD" "COMPILER=arm-none-eabi-gcc" "ASSEMBLER=arm-none-ea
000-bi-as" "ARCHIVER=arm-none-eabi-ar" "COMPILER_FLAGS=  -O2 -c" "EXTRA_COMPILER_FLAGS=-mcpu=cortex-a9 -mfpu=vfpv3 -mfloat-abi=hard
000- -nostartfiles -g -Wall -Wextra -fno-tree-loop-distribute-patterns"
000-
000-"Running Make libs in ps7_cortexa9_0/libsrc/cpu_cortexa9_v2_11/src"
000-
000-make -C ps7_cortexa9_0/libsrc/cpu_cortexa9_v2_11/src -s libs  "SHELL=CMD" "COMPILER=arm-none-eabi-gcc" "ASSEMBLER=arm-none-eabi
000--as" "ARCHIVER=arm-none-eabi-ar" "COMPILER_FLAGS=  -O2 -c" "EXTRA_COMPILER_FLAGS=-mcpu=cortex-a9 -mfpu=vfpv3 -mfloat-abi=hard -
000-nostartfiles -g -Wall -Wextra -fno-tree-loop-distribute-patterns"
000-
000-"Running Make libs in ps7_cortexa9_0/libsrc/ddrps_v1_2/src"
000-
000-make -C ps7_cortexa9_0/libsrc/ddrps_v1_2/src -s libs  "SHELL=CMD" "COMPILER=arm-none-eabi-gcc" "ASSEMBLER=arm-none-eabi-as" "AR
000-CHIVER=arm-none-eabi-ar" "COMPILER_FLAGS=  -O2 -c" "EXTRA_COMPILER_FLAGS=-mcpu=cortex-a9 -mfpu=vfpv3 -mfloat-abi=hard -nostartf
000-iles -g -Wall -Wextra -fno-tree-loop-distribute-patterns"
000-
000-"Running Make libs in ps7_cortexa9_0/libsrc/devcfg_v3_7/src"
000-
000-make -C ps7_cortexa9_0/libsrc/devcfg_v3_7/src -s libs  "SHELL=CMD" "COMPILER=arm-none-eabi-gcc" "ASSEMBLER=arm-none-eabi-as" "A
000-RCHIVER=arm-none-eabi-ar" "COMPILER_FLAGS=  -O2 -c" "EXTRA_COMPILER_FLAGS=-mcpu=cortex-a9 -mfpu=vfpv3 -mfloat-abi=hard -nostart
000-files -g -Wall -Wextra -fno-tree-loop-distribute-patterns"
000-
000-"Running Make libs in ps7_cortexa9_0/libsrc/dmaps_v2_8/src"
000-
000-"Running Make libs in ps7_cortexa9_0/libsrc/emacps_v3_14/src"
000-
000-make -C ps7_cortexa9_0/libsrc/dmaps_v2_8/src -s libs  "SHELL=CMD" "COMPILER=arm-none-eabi-gcc" "ASSEMBLER=arm-none-eabi-as" "AR
000-CHIVER=arm-none-eabi-ar" "COMPILER_FLAGS=  -O2 -c" "EXTRA_COMPILER_FLAGS=-mcpu=cortex-a9 -mfpu=vfpv3 -mfloat-abi=hard -nostartf
000-iles -g -Wall -Wextra -fno-tree-loop-distribute-patterns"
000-
000-make -C ps7_cortexa9_0/libsrc/emacps_v3_14/src -s libs  "SHELL=CMD" "COMPILER=arm-none-eabi-gcc" "ASSEMBLER=arm-none-eabi-as" "
000-ARCHIVER=arm-none-eabi-ar" "COMPILER_FLAGS=  -O2 -c" "EXTRA_COMPILER_FLAGS=-mcpu=cortex-a9 -mfpu=vfpv3 -mfloat-abi=hard -nostar
000-tfiles -g -Wall -Wextra -fno-tree-loop-distribute-patterns"
000-
000-"Running Make libs in ps7_cortexa9_0/libsrc/gpiops_v3_9/src"
000-
000-make -C ps7_cortexa9_0/libsrc/gpiops_v3_9/src -s libs  "SHELL=CMD" "COMPILER=arm-none-eabi-gcc" "ASSEMBLER=arm-none-eabi-as" "A
000-RCHIVER=arm-none-eabi-ar" "COMPILER_FLAGS=  -O2 -c" "EXTRA_COMPILER_FLAGS=-mcpu=cortex-a9 -mfpu=vfpv3 -mfloat-abi=hard -nostart
000-files -g -Wall -Wextra -fno-tree-loop-distribute-patterns"
000-
000-"Running Make libs in ps7_cortexa9_0/libsrc/qspips_v3_9/src"
000-
000-make -C ps7_cortexa9_0/libsrc/qspips_v3_9/src -s libs  "SHELL=CMD" "COMPILER=arm-none-eabi-gcc" "ASSEMBLER=arm-none-eabi-as" "A
000-RCHIVER=arm-none-eabi-ar" "COMPILER_FLAGS=  -O2 -c" "EXTRA_COMPILER_FLAGS=-mcpu=cortex-a9 -mfpu=vfpv3 -mfloat-abi=hard -nostart
000-files -g -Wall -Wextra -fno-tree-loop-distribute-patterns"
000-
000-"Running Make libs in ps7_cortexa9_0/libsrc/scugic_v4_5/src"
000-
000-make -C ps7_cortexa9_0/libsrc/scugic_v4_5/src -s libs  "SHELL=CMD" "COMPILER=arm-none-eabi-gcc" "ASSEMBLER=arm-none-eabi-as" "A
000-RCHIVER=arm-none-eabi-ar" "COMPILER_FLAGS=  -O2 -c" "EXTRA_COMPILER_FLAGS=-mcpu=cortex-a9 -mfpu=vfpv3 -mfloat-abi=hard -nostart
000-files -g -Wall -Wextra -fno-tree-loop-distribute-patterns"
000-
000-"Running Make libs in ps7_cortexa9_0/libsrc/scutimer_v2_3/src"
000-
000-make -C ps7_cortexa9_0/libsrc/scutimer_v2_3/src -s libs  "SHELL=CMD" "COMPILER=arm-none-eabi-gcc" "ASSEMBLER=arm-none-eabi-as" 
000-"ARCHIVER=arm-none-eabi-ar" "COMPILER_FLAGS=  -O2 -c" "EXTRA_COMPILER_FLAGS=-mcpu=cortex-a9 -mfpu=vfpv3 -mfloat-abi=hard -nosta
000-rtfiles -g -Wall -Wextra -fno-tree-loop-distribute-patterns"
000-
000-"Running Make libs in ps7_cortexa9_0/libsrc/scuwdt_v2_4/src"
000-
000-make -C ps7_cortexa9_0/libsrc/scuwdt_v2_4/src -s libs  "SHELL=CMD" "COMPILER=arm-none-eabi-gcc" "ASSEMBLER=arm-none-eabi-as" "A
000-RCHIVER=arm-none-eabi-ar" "COMPILER_FLAGS=  -O2 -c" "EXTRA_COMPILER_FLAGS=-mcpu=cortex-a9 -mfpu=vfpv3 -mfloat-abi=hard -nostart
000-files -g -Wall -Wextra -fno-tree-loop-distribute-patterns"
000-
000-"Running Make libs in ps7_cortexa9_0/libsrc/sdps_v3_12/src"
000-
000-make -C ps7_cortexa9_0/libsrc/sdps_v3_12/src -s libs  "SHELL=CMD" "COMPILER=arm-none-eabi-gcc" "ASSEMBLER=arm-none-eabi-as" "AR
000-CHIVER=arm-none-eabi-ar" "COMPILER_FLAGS=  -O2 -c" "EXTRA_COMPILER_FLAGS=-mcpu=cortex-a9 -mfpu=vfpv3 -mfloat-abi=hard -nostartf
000-iles -g -Wall -Wextra -fno-tree-loop-distribute-patterns"
000-
000-"Running Make libs in ps7_cortexa9_0/libsrc/standalone_v7_5/src"
000-
000-make -C ps7_cortexa9_0/libsrc/standalone_v7_5/src -s libs  "SHELL=CMD" "COMPILER=arm-none-eabi-gcc" "ASSEMBLER=arm-none-eabi-as
000-" "ARCHIVER=arm-none-eabi-ar" "COMPILER_FLAGS=  -O2 -c" "EXTRA_COMPILER_FLAGS=-mcpu=cortex-a9 -mfpu=vfpv3 -mfloat-abi=hard -nos
000-tartfiles -g -Wall -Wextra -fno-tree-loop-distribute-patterns"
000-
000-"Running Make libs in ps7_cortexa9_0/libsrc/uartps_v3_11/src"
000-
000-make -C ps7_cortexa9_0/libsrc/uartps_v3_11/src -s libs  "SHELL=CMD" "COMPILER=arm-none-eabi-gcc" "ASSEMBLER=arm-none-eabi-as" "
000-ARCHIVER=arm-none-eabi-ar" "COMPILER_FLAGS=  -O2 -c" "EXTRA_COMPILER_FLAGS=-mcpu=cortex-a9 -mfpu=vfpv3 -mfloat-abi=hard -nostar
000-tfiles -g -Wall -Wextra -fno-tree-loop-distribute-patterns"
000-
000-"Running Make libs in ps7_cortexa9_0/libsrc/usbps_v2_7/src"
000-
000-make -C ps7_cortexa9_0/libsrc/usbps_v2_7/src -s libs  "SHELL=CMD" "COMPILER=arm-none-eabi-gcc" "ASSEMBLER=arm-none-eabi-as" "AR
000-CHIVER=arm-none-eabi-ar" "COMPILER_FLAGS=  -O2 -c" "EXTRA_COMPILER_FLAGS=-mcpu=cortex-a9 -mfpu=vfpv3 -mfloat-abi=hard -nostartf
000-iles -g -Wall -Wextra -fno-tree-loop-distribute-patterns"
000-
000-"Running Make libs in ps7_cortexa9_0/libsrc/xadcps_v2_6/src"
000-
000-make -C ps7_cortexa9_0/libsrc/xadcps_v2_6/src -s libs  "SHELL=CMD" "COMPILER=arm-none-eabi-gcc" "ASSEMBLER=arm-none-eabi-as" "A
000-RCHIVER=arm-none-eabi-ar" "COMPILER_FLAGS=  -O2 -c" "EXTRA_COMPILER_FLAGS=-mcpu=cortex-a9 -mfpu=vfpv3 -mfloat-abi=hard -nostart
000-files -g -Wall -Wextra -fno-tree-loop-distribute-patterns"
000-
000/delay_and_sum_plat45-1-1'#pragma message: For the sleep routines, Global timer is being used'0-xtime_l.c:45:9: note: '#pragma message: For the sleep routines, Global timer is being used'
000-   45 | #pragma message ("For the sleep routines, Global timer is being used")
000-      |         ^~~~~~~
000-'Finished building libraries parallelly.'
000-
000-make --no-print-directory archive
000-
000-arm-none-eabi-ar -r  ps7_cortexa9_0/lib/libxil.a ps7_cortexa9_0/lib/xil_testcache.o ps7_cortexa9_0/lib/xadcps_selftest.o ps7_co
000-rtexa9_0/lib/xplatform_info.o ps7_cortexa9_0/lib/xil_mmu.o ps7_cortexa9_0/lib/_exit.o ps7_cortexa9_0/lib/xusbps_sinit.o ps7_cor
000-texa9_0/lib/xdevcfg_hw.o ps7_cortexa9_0/lib/xil_sleeptimer.o ps7_cortexa9_0/lib/xqspips_options.o ps7_cortexa9_0/lib/xdmaps_g.o
000- ps7_cortexa9_0/lib/xscutimer_g.o ps7_cortexa9_0/lib/xsdps_options.o ps7_cortexa9_0/lib/xil_misc_psreset_api.o ps7_cortexa9_0/l
000-ib/xdmaps_sinit.o ps7_cortexa9_0/lib/xscutimer_sinit.o ps7_cortexa9_0/lib/xemacps_hw.o ps7_cortexa9_0/lib/inbyte.o ps7_cortexa9
000-_0/lib/xdmaps_selftest.o ps7_cortexa9_0/lib/xscutimer_selftest.o ps7_cortexa9_0/lib/putnum.o ps7_cortexa9_0/lib/xadcps_intr.o p
000-s7_cortexa9_0/lib/xgpiops_g.o ps7_cortexa9_0/lib/xsdps.o ps7_cortexa9_0/lib/close.o ps7_cortexa9_0/lib/xgpiops_intr.o ps7_corte
000-xa9_0/lib/xdma_g.o ps7_cortexa9_0/lib/xgpiops_sinit.o ps7_cortexa9_0/lib/xdma_sinit.o ps7_cortexa9_0/lib/xgpiops_selftest.o ps7
000-_cortexa9_0/lib/xscuwdt.o ps7_cortexa9_0/lib/xgpiops.o ps7_cortexa9_0/lib/xil_clocking.o ps7_cortexa9_0/lib/xil_mem.o ps7_corte
000-xa9_0/lib/time.o ps7_cortexa9_0/lib/xil_printf.o ps7_cortexa9_0/lib/kill.o ps7_cortexa9_0/lib/xuartps_g.o ps7_cortexa9_0/lib/xa
000-dcps.o ps7_cortexa9_0/lib/xuartps_sinit.o ps7_cortexa9_0/lib/xuartps_selftest.o ps7_cortexa9_0/lib/outbyte.o ps7_cortexa9_0/lib
000-/lseek.o ps7_cortexa9_0/lib/xusbps_hw.o ps7_cortexa9_0/lib/xl2cc_counter.o ps7_cortexa9_0/lib/asm_vectors.o ps7_cortexa9_0/lib/
000-abort.o ps7_cortexa9_0/lib/xscugic_intr.o ps7_cortexa9_0/lib/getpid.o ps7_cortexa9_0/lib/xdevcfg_sinit.o ps7_cortexa9_0/lib/xdm
000-aps.o ps7_cortexa9_0/lib/xscutimer.o ps7_cortexa9_0/lib/xdevcfg_selftest.o ps7_cortexa9_0/lib/xpm_counter.o ps7_cortexa9_0/lib/
000-_sbrk.o ps7_cortexa9_0/lib/xemacps_sinit.o ps7_cortexa9_0/lib/xqspips_g.o ps7_cortexa9_0/lib/xusbps.o ps7_cortexa9_0/lib/xusbps
000-_endpoint.o ps7_cortexa9_0/lib/xusbps_g.o ps7_cortexa9_0/lib/xsdps_sinit.o ps7_cortexa9_0/lib/xqspips_selftest.o ps7_cortexa9_0
000-/lib/xil_exception.o ps7_cortexa9_0/lib/xil_testmem.o ps7_cortexa9_0/lib/xemacps_control.o ps7_cortexa9_0/lib/open.o ps7_cortex
000-a9_0/lib/xil_assert.o ps7_cortexa9_0/lib/xusbps_intr.o ps7_cortexa9_0/lib/xsdps_host.o ps7_cortexa9_0/lib/xcoresightpsdcc.o ps7
000-_cortexa9_0/lib/xscugic_hw.o ps7_cortexa9_0/lib/sleep.o ps7_cortexa9_0/lib/cpputest_time.o ps7_cortexa9_0/lib/xil_spinlock.o ps
000-7_cortexa9_0/lib/fcntl.o ps7_cortexa9_0/lib/print.o ps7_cortexa9_0/lib/read.o ps7_cortexa9_0/lib/xdevcfg.o ps7_cortexa9_0/lib/x
000-qspips.o ps7_cortexa9_0/lib/xemacps.o ps7_cortexa9_0/lib/xil_cache.o ps7_cortexa9_0/lib/xil_testio.o ps7_cortexa9_0/lib/_open.o
000- ps7_cortexa9_0/lib/unlink.o ps7_cortexa9_0/lib/xdma.o ps7_cortexa9_0/lib/translation_table.o ps7_cortexa9_0/lib/write.o ps7_co
000-rtexa9_0/lib/boot.o ps7_cortexa9_0/lib/xemacps_bdring.o ps7_cortexa9_0/lib/cpu_init.o ps7_cortexa9_0/lib/vectors.o ps7_cortexa9
000-_0/lib/usleep.o ps7_cortexa9_0/lib/xil_sleepcommon.o ps7_cortexa9_0/lib/xscugic_g.o ps7_cortexa9_0/lib/xscugic_sinit.o ps7_cort
000-exa9_0/lib/xdevcfg_g.o ps7_cortexa9_0/lib/xtime_l.o ps7_cortexa9_0/lib/xdma_linux.o ps7_cortexa9_0/lib/xscugic_selftest.o ps7_c
000-ortexa9_0/lib/xil_util.o ps7_cortexa9_0/lib/xuartps_intr.o ps7_cortexa9_0/lib/xuartps.o ps7_cortexa9_0/lib/xsdps_card.o ps7_cor
000-texa9_0/lib/xdmaps_hw.o ps7_cortexa9_0/lib/sbrk.o ps7_cortexa9_0/lib/xgpiops_hw.o ps7_cortexa9_0/lib/xsdps_g.o ps7_cortexa9_0/l
000-ib/fstat.o ps7_cortexa9_0/lib/xqspips_hw.o ps7_cortexa9_0/lib/errno.o ps7_cortexa9_0/lib/xdevcfg_intr.o ps7_cortexa9_0/lib/xuar
000-tps_options.o ps7_cortexa9_0/lib/xscuwdt_g.o ps7_cortexa9_0/lib/xemacps_g.o ps7_cortexa9_0/lib/xscuwdt_sinit.o ps7_cortexa9_0/l
000-ib/xemacps_intr.o ps7_cortexa9_0/lib/xscuwdt_selftest.o ps7_cortexa9_0/lib/isatty.o ps7_cortexa9_0/lib/xil-crt0.o ps7_cortexa9_
000-0/lib/xscugic.o ps7_cortexa9_0/lib/xuartps_hw.o ps7_cortexa9_0/lib/xadcps_g.o ps7_cortexa9_0/lib/xqspips_sinit.o ps7_cortexa9_0
000-/lib/xadcps_sinit.o
000-
000-'Finished building libraries'
000-
00255-
14:08:10 Build Finished (took 22s.948ms)

