14:17:36 **** Incremental Build of configuration Debug for project ultrasonic_isr ****
make all 
make --no-print-directory pre-build
a9-linaro-pre-build-step
' '
make --no-print-directory main-build
'Building file: ../src/main.c'
'Invoking: ARM v7 gcc compiler'
arm-none-eabi-gcc -Wall -O0 -g3 -c -fmessage-length=0 -MT"src/main.o" -mcpu=cortex-a9 -mfpu=vfpv3 -mfloat-abi=hard -IC:/Users/Cam/AX7010_Work/UltrasonicFPGA2021/Vitis/design_1_wrapper/export/design_1_wrapper/sw/design_1_wrapper/standalone_domain/bspinclude/include -MMD -MP -MF"src/main.d" -MT"src/main.o" -o "src/main.o" "../src/main.c"
'Finished building: ../src/main.c'
' '
'Building target: ultrasonic_isr.elf'
'Invoking: ARM v7 gcc linker'
arm-none-eabi-gcc -mcpu=cortex-a9 -mfpu=vfpv3 -mfloat-abi=hard -Wl,-build-id=none -specs=Xilinx.spec -Wl,-T -Wl,../src/lscript.ld -LC:/Users/Cam/AX7010_Work/UltrasonicFPGA2021/Vitis/design_1_wrapper/export/design_1_wrapper/sw/design_1_wrapper/standalone_domain/bsplib/lib -o "ultrasonic_isr.elf"  ./src/control_channel.o ./src/echo.o ./src/i2c_access.o ./src/iic_phyreset.o ./src/main.o ./src/packet_timer.o ./src/platform.o ./src/platform_mb.o ./src/platform_ppc.o ./src/platform_zynq.o ./src/platform_zynqmp.o ./src/sfp.o ./src/si5324.o   -lm -Wl,--start-group,-lxil,-lgcc,-lc,--end-group -Wl,--start-group,-lxil,-llwip4,-lgcc,-lc,--end-group
'Finished building target: ultrasonic_isr.elf'
' '
'Invoking: ARM v7 Print Size'
arm-none-eabi-size ultrasonic_isr.elf  |tee "ultrasonic_isr.elf.size"
   text	   data	    bss	    dec	    hex	filename
 121827	   3036	3201136	3325999	 32c02f	ultrasonic_isr.elf
'Finished building: ultrasonic_isr.elf.size'
' '

14:17:37 Build Finished (took 640ms)

