16:48:45 INFO  : Launching XSCT server: xsct.bat -n  -interactive C:\Users\CamLT\AX7010_Work\UltrasonicFPGA2021\delay-and-sum-v2\temp_xsdb_launch_script.tcl
16:48:45 INFO  : Platform repository initialization has completed.
16:48:46 INFO  : Registering command handlers for Vitis TCF services
16:48:47 INFO  : XSCT server has started successfully.
16:48:47 INFO  : plnx-install-location is set to ''
16:48:47 INFO  : Successfully done setting XSCT server connection channel  
16:48:48 INFO  : Successfully done setting workspace for the tool. 
16:48:48 INFO  : Successfully done query RDI_DATADIR 
16:51:22 INFO  : Result from executing command 'getProjects': delay-and-sum-v2-platform
16:51:22 INFO  : Result from executing command 'getPlatforms': 
16:51:44 ERROR : (XSDB Server)rm: cannot lstat `*.o': Invalid argument

16:51:44 ERROR : (XSDB Server)make: *** [Makefile:42: clean] Error 1

16:52:35 INFO  : Result from executing command 'getProjects': delay-and-sum-v2-platform
16:52:35 INFO  : Result from executing command 'getPlatforms': delay-and-sum-v2-platform|C:/Users/CamLT/AX7010_Work/UltrasonicFPGA2021/delay-and-sum-v2/delay-and-sum-v2-platform/export/delay-and-sum-v2-platform/delay-and-sum-v2-platform.xpfm
16:55:50 INFO  : Result from executing command 'removePlatformRepo': 
16:57:04 INFO  : Result from executing command 'getProjects': delay-and-sum-v2-platform
16:57:04 INFO  : Result from executing command 'getPlatforms': 
16:57:05 INFO  : Checking for BSP changes to sync application flags for project 'delay-and-sum-v2-app'...
17:00:07 INFO  : Checking for BSP changes to sync application flags for project 'delay-and-sum-v2-app'...
17:00:45 INFO  : Checking for BSP changes to sync application flags for project 'delay-and-sum-v2-app'...
17:01:21 INFO  : Checking for BSP changes to sync application flags for project 'delay-and-sum-v2-app'...
17:01:56 INFO  : Connected to target on host '127.0.0.1' and port '3121'.
17:01:56 INFO  : Jtag cable 'Digilent JTAG-HS1 210512180081' is selected.
17:01:56 INFO  : 'jtag frequency' command is executed.
17:01:56 INFO  : Context for 'APU' is selected.
17:01:56 INFO  : System reset is completed.
17:01:59 INFO  : 'after 3000' command is executed.
17:01:59 INFO  : 'targets -set -filter {jtag_cable_name =~ "Digilent JTAG-HS1 210512180081" && level==0 && jtag_device_ctx=="jsn-JTAG-HS1-210512180081-13722093-0"}' command is executed.
17:02:01 INFO  : Device configured successfully with "C:/Users/CamLT/AX7010_Work/UltrasonicFPGA2021/delay-and-sum-v2/delay-and-sum-v2-app/_ide/bitstream/Demodulator_128Ch_wrapper.bit"
17:02:01 INFO  : Context for 'APU' is selected.
17:02:01 INFO  : Hardware design and registers information is loaded from 'C:/Users/CamLT/AX7010_Work/UltrasonicFPGA2021/delay-and-sum-v2/delay-and-sum-v2-platform/export/delay-and-sum-v2-platform/hw/Demodulator_128Ch_wrapper.xsa'.
17:02:01 INFO  : 'configparams force-mem-access 1' command is executed.
17:02:01 INFO  : Context for 'APU' is selected.
17:02:01 INFO  : Sourcing of 'C:/Users/CamLT/AX7010_Work/UltrasonicFPGA2021/delay-and-sum-v2/delay-and-sum-v2-app/_ide/psinit/ps7_init.tcl' is done.
17:02:02 INFO  : 'ps7_init' command is executed.
17:02:02 INFO  : 'ps7_post_config' command is executed.
17:02:02 INFO  : Context for processor 'ps7_cortexa9_0' is selected.
17:02:02 INFO  : The application 'C:/Users/CamLT/AX7010_Work/UltrasonicFPGA2021/delay-and-sum-v2/delay-and-sum-v2-app/Debug/delay-and-sum-v2-app.elf' is downloaded to processor 'ps7_cortexa9_0'.
17:02:02 INFO  : 'configparams force-mem-access 0' command is executed.
17:02:02 INFO  : ----------------XSDB Script----------------
connect -url tcp:127.0.0.1:3121
targets -set -nocase -filter {name =~"APU*"}
rst -system
after 3000
targets -set -filter {jtag_cable_name =~ "Digilent JTAG-HS1 210512180081" && level==0 && jtag_device_ctx=="jsn-JTAG-HS1-210512180081-13722093-0"}
fpga -file C:/Users/CamLT/AX7010_Work/UltrasonicFPGA2021/delay-and-sum-v2/delay-and-sum-v2-app/_ide/bitstream/Demodulator_128Ch_wrapper.bit
targets -set -nocase -filter {name =~"APU*"}
loadhw -hw C:/Users/CamLT/AX7010_Work/UltrasonicFPGA2021/delay-and-sum-v2/delay-and-sum-v2-platform/export/delay-and-sum-v2-platform/hw/Demodulator_128Ch_wrapper.xsa -mem-ranges [list {0x40000000 0xbfffffff}] -regs
configparams force-mem-access 1
targets -set -nocase -filter {name =~"APU*"}
source C:/Users/CamLT/AX7010_Work/UltrasonicFPGA2021/delay-and-sum-v2/delay-and-sum-v2-app/_ide/psinit/ps7_init.tcl
ps7_init
ps7_post_config
targets -set -nocase -filter {name =~ "*A9*#0"}
dow C:/Users/CamLT/AX7010_Work/UltrasonicFPGA2021/delay-and-sum-v2/delay-and-sum-v2-app/Debug/delay-and-sum-v2-app.elf
configparams force-mem-access 0
----------------End of Script----------------

17:02:02 INFO  : Context for processor 'ps7_cortexa9_0' is selected.
17:02:02 INFO  : 'con' command is executed.
17:02:02 INFO  : ----------------XSDB Script (After Launch)----------------
targets -set -nocase -filter {name =~ "*A9*#0"}
con
----------------End of Script----------------

17:02:02 INFO  : Launch script is exported to file 'C:\Users\CamLT\AX7010_Work\UltrasonicFPGA2021\delay-and-sum-v2\delay-and-sum-v2-app_system\_ide\scripts\systemdebugger_delay-and-sum-v2-app_system_standalone.tcl'
17:02:29 INFO  : Disconnected from the channel tcfchan#5.
17:02:29 INFO  : Connected to target on host '127.0.0.1' and port '3121'.
17:02:29 INFO  : Jtag cable 'Digilent JTAG-HS1 210512180081' is selected.
17:02:29 INFO  : 'jtag frequency' command is executed.
17:02:29 INFO  : Context for 'APU' is selected.
17:02:29 INFO  : System reset is completed.
17:02:32 INFO  : 'after 3000' command is executed.
17:02:32 INFO  : 'targets -set -filter {jtag_cable_name =~ "Digilent JTAG-HS1 210512180081" && level==0 && jtag_device_ctx=="jsn-JTAG-HS1-210512180081-13722093-0"}' command is executed.
17:02:34 INFO  : Device configured successfully with "C:/Users/CamLT/AX7010_Work/UltrasonicFPGA2021/delay-and-sum-v2/delay-and-sum-v2-app/_ide/bitstream/Demodulator_128Ch_wrapper.bit"
17:02:34 INFO  : Context for 'APU' is selected.
17:02:34 INFO  : Hardware design and registers information is loaded from 'C:/Users/CamLT/AX7010_Work/UltrasonicFPGA2021/delay-and-sum-v2/delay-and-sum-v2-platform/export/delay-and-sum-v2-platform/hw/Demodulator_128Ch_wrapper.xsa'.
17:02:34 INFO  : 'configparams force-mem-access 1' command is executed.
17:02:34 INFO  : Context for 'APU' is selected.
17:02:34 INFO  : Sourcing of 'C:/Users/CamLT/AX7010_Work/UltrasonicFPGA2021/delay-and-sum-v2/delay-and-sum-v2-app/_ide/psinit/ps7_init.tcl' is done.
17:02:34 INFO  : 'ps7_init' command is executed.
17:02:34 INFO  : 'ps7_post_config' command is executed.
17:02:34 INFO  : Context for processor 'ps7_cortexa9_0' is selected.
17:02:35 INFO  : The application 'C:/Users/CamLT/AX7010_Work/UltrasonicFPGA2021/delay-and-sum-v2/delay-and-sum-v2-app/Debug/delay-and-sum-v2-app.elf' is downloaded to processor 'ps7_cortexa9_0'.
17:02:35 INFO  : 'configparams force-mem-access 0' command is executed.
17:02:35 INFO  : ----------------XSDB Script----------------
connect -url tcp:127.0.0.1:3121
targets -set -nocase -filter {name =~"APU*"}
rst -system
after 3000
targets -set -filter {jtag_cable_name =~ "Digilent JTAG-HS1 210512180081" && level==0 && jtag_device_ctx=="jsn-JTAG-HS1-210512180081-13722093-0"}
fpga -file C:/Users/CamLT/AX7010_Work/UltrasonicFPGA2021/delay-and-sum-v2/delay-and-sum-v2-app/_ide/bitstream/Demodulator_128Ch_wrapper.bit
targets -set -nocase -filter {name =~"APU*"}
loadhw -hw C:/Users/CamLT/AX7010_Work/UltrasonicFPGA2021/delay-and-sum-v2/delay-and-sum-v2-platform/export/delay-and-sum-v2-platform/hw/Demodulator_128Ch_wrapper.xsa -mem-ranges [list {0x40000000 0xbfffffff}] -regs
configparams force-mem-access 1
targets -set -nocase -filter {name =~"APU*"}
source C:/Users/CamLT/AX7010_Work/UltrasonicFPGA2021/delay-and-sum-v2/delay-and-sum-v2-app/_ide/psinit/ps7_init.tcl
ps7_init
ps7_post_config
targets -set -nocase -filter {name =~ "*A9*#0"}
dow C:/Users/CamLT/AX7010_Work/UltrasonicFPGA2021/delay-and-sum-v2/delay-and-sum-v2-app/Debug/delay-and-sum-v2-app.elf
configparams force-mem-access 0
----------------End of Script----------------

17:02:35 INFO  : Context for processor 'ps7_cortexa9_0' is selected.
17:02:35 INFO  : 'con' command is executed.
17:02:35 INFO  : ----------------XSDB Script (After Launch)----------------
targets -set -nocase -filter {name =~ "*A9*#0"}
con
----------------End of Script----------------

17:02:35 INFO  : Launch script is exported to file 'C:\Users\CamLT\AX7010_Work\UltrasonicFPGA2021\delay-and-sum-v2\delay-and-sum-v2-app_system\_ide\scripts\systemdebugger_delay-and-sum-v2-app_system_standalone.tcl'
17:03:15 INFO  : Disconnected from the channel tcfchan#6.
17:03:15 INFO  : Connected to target on host '127.0.0.1' and port '3121'.
17:03:15 INFO  : Jtag cable 'Digilent JTAG-HS1 210512180081' is selected.
17:03:15 INFO  : 'jtag frequency' command is executed.
17:03:15 INFO  : Context for 'APU' is selected.
17:03:15 INFO  : System reset is completed.
17:03:18 INFO  : 'after 3000' command is executed.
17:03:18 INFO  : 'targets -set -filter {jtag_cable_name =~ "Digilent JTAG-HS1 210512180081" && level==0 && jtag_device_ctx=="jsn-JTAG-HS1-210512180081-13722093-0"}' command is executed.
17:03:20 INFO  : Device configured successfully with "C:/Users/CamLT/AX7010_Work/UltrasonicFPGA2021/delay-and-sum-v2/delay-and-sum-v2-app/_ide/bitstream/Demodulator_128Ch_wrapper.bit"
17:03:20 INFO  : Context for 'APU' is selected.
17:03:20 INFO  : Hardware design and registers information is loaded from 'C:/Users/CamLT/AX7010_Work/UltrasonicFPGA2021/delay-and-sum-v2/delay-and-sum-v2-platform/export/delay-and-sum-v2-platform/hw/Demodulator_128Ch_wrapper.xsa'.
17:03:20 INFO  : 'configparams force-mem-access 1' command is executed.
17:03:20 INFO  : Context for 'APU' is selected.
17:03:20 INFO  : Sourcing of 'C:/Users/CamLT/AX7010_Work/UltrasonicFPGA2021/delay-and-sum-v2/delay-and-sum-v2-app/_ide/psinit/ps7_init.tcl' is done.
17:03:20 INFO  : 'ps7_init' command is executed.
17:03:20 INFO  : 'ps7_post_config' command is executed.
17:03:20 INFO  : Context for processor 'ps7_cortexa9_0' is selected.
17:03:21 INFO  : The application 'C:/Users/CamLT/AX7010_Work/UltrasonicFPGA2021/delay-and-sum-v2/delay-and-sum-v2-app/Debug/delay-and-sum-v2-app.elf' is downloaded to processor 'ps7_cortexa9_0'.
17:03:21 INFO  : 'configparams force-mem-access 0' command is executed.
17:03:21 INFO  : ----------------XSDB Script----------------
connect -url tcp:127.0.0.1:3121
targets -set -nocase -filter {name =~"APU*"}
rst -system
after 3000
targets -set -filter {jtag_cable_name =~ "Digilent JTAG-HS1 210512180081" && level==0 && jtag_device_ctx=="jsn-JTAG-HS1-210512180081-13722093-0"}
fpga -file C:/Users/CamLT/AX7010_Work/UltrasonicFPGA2021/delay-and-sum-v2/delay-and-sum-v2-app/_ide/bitstream/Demodulator_128Ch_wrapper.bit
targets -set -nocase -filter {name =~"APU*"}
loadhw -hw C:/Users/CamLT/AX7010_Work/UltrasonicFPGA2021/delay-and-sum-v2/delay-and-sum-v2-platform/export/delay-and-sum-v2-platform/hw/Demodulator_128Ch_wrapper.xsa -mem-ranges [list {0x40000000 0xbfffffff}] -regs
configparams force-mem-access 1
targets -set -nocase -filter {name =~"APU*"}
source C:/Users/CamLT/AX7010_Work/UltrasonicFPGA2021/delay-and-sum-v2/delay-and-sum-v2-app/_ide/psinit/ps7_init.tcl
ps7_init
ps7_post_config
targets -set -nocase -filter {name =~ "*A9*#0"}
dow C:/Users/CamLT/AX7010_Work/UltrasonicFPGA2021/delay-and-sum-v2/delay-and-sum-v2-app/Debug/delay-and-sum-v2-app.elf
configparams force-mem-access 0
----------------End of Script----------------

17:03:21 INFO  : Context for processor 'ps7_cortexa9_0' is selected.
17:03:21 INFO  : 'con' command is executed.
17:03:21 INFO  : ----------------XSDB Script (After Launch)----------------
targets -set -nocase -filter {name =~ "*A9*#0"}
con
----------------End of Script----------------

17:03:21 INFO  : Launch script is exported to file 'C:\Users\CamLT\AX7010_Work\UltrasonicFPGA2021\delay-and-sum-v2\delay-and-sum-v2-app_system\_ide\scripts\systemdebugger_delay-and-sum-v2-app_system_standalone.tcl'
17:05:36 INFO  : Checking for BSP changes to sync application flags for project 'delay-and-sum-v2-app'...
17:06:04 INFO  : Checking for BSP changes to sync application flags for project 'delay-and-sum-v2-app'...
17:06:35 INFO  : Checking for BSP changes to sync application flags for project 'delay-and-sum-v2-app'...
17:08:02 INFO  : Checking for BSP changes to sync application flags for project 'delay-and-sum-v2-app'...
17:08:15 INFO  : Disconnected from the channel tcfchan#7.
17:08:15 INFO  : Connected to target on host '127.0.0.1' and port '3121'.
17:08:24 INFO  : ----------------XSDB Script----------------
connect -url tcp:127.0.0.1:3121
----------------End of Script----------------

17:08:24 ERROR : Could not find ARM device on the board for connection 'Local'.
Check if the target is in:
1. Split JTAG - No operations are possible with ARM DAP.
2. Non JTAG bootmode - Bootrom may need time to enable DAP.
Please try again.


Troubleshooting hints:
1. Check whether board is connected to system properly.
2. In case of zynq board, check whether Digilent/Xilinx cable switch settings are correct.
3. If you are using Xilinx Platform Cable USB, ensure that status LED is green.
17:08:36 INFO  : Connected to target on host '127.0.0.1' and port '3121'.
17:08:36 INFO  : Jtag cable 'Digilent JTAG-HS1 210512180081' is selected.
17:08:36 INFO  : 'jtag frequency' command is executed.
17:08:36 INFO  : Context for 'APU' is selected.
17:08:36 INFO  : System reset is completed.
17:08:39 INFO  : 'after 3000' command is executed.
17:08:39 INFO  : 'targets -set -filter {jtag_cable_name =~ "Digilent JTAG-HS1 210512180081" && level==0 && jtag_device_ctx=="jsn-JTAG-HS1-210512180081-13722093-0"}' command is executed.
17:08:41 INFO  : Device configured successfully with "C:/Users/CamLT/AX7010_Work/UltrasonicFPGA2021/delay-and-sum-v2/delay-and-sum-v2-app/_ide/bitstream/Demodulator_128Ch_wrapper.bit"
17:08:41 INFO  : Context for 'APU' is selected.
17:08:41 INFO  : Hardware design and registers information is loaded from 'C:/Users/CamLT/AX7010_Work/UltrasonicFPGA2021/delay-and-sum-v2/delay-and-sum-v2-platform/export/delay-and-sum-v2-platform/hw/Demodulator_128Ch_wrapper.xsa'.
17:08:41 INFO  : 'configparams force-mem-access 1' command is executed.
17:08:41 INFO  : Context for 'APU' is selected.
17:08:41 INFO  : Sourcing of 'C:/Users/CamLT/AX7010_Work/UltrasonicFPGA2021/delay-and-sum-v2/delay-and-sum-v2-app/_ide/psinit/ps7_init.tcl' is done.
17:08:42 INFO  : 'ps7_init' command is executed.
17:08:42 INFO  : 'ps7_post_config' command is executed.
17:08:42 INFO  : Context for processor 'ps7_cortexa9_0' is selected.
17:08:42 INFO  : The application 'C:/Users/CamLT/AX7010_Work/UltrasonicFPGA2021/delay-and-sum-v2/delay-and-sum-v2-app/Debug/delay-and-sum-v2-app.elf' is downloaded to processor 'ps7_cortexa9_0'.
17:08:42 INFO  : 'configparams force-mem-access 0' command is executed.
17:08:42 INFO  : ----------------XSDB Script----------------
connect -url tcp:127.0.0.1:3121
targets -set -nocase -filter {name =~"APU*"}
rst -system
after 3000
targets -set -filter {jtag_cable_name =~ "Digilent JTAG-HS1 210512180081" && level==0 && jtag_device_ctx=="jsn-JTAG-HS1-210512180081-13722093-0"}
fpga -file C:/Users/CamLT/AX7010_Work/UltrasonicFPGA2021/delay-and-sum-v2/delay-and-sum-v2-app/_ide/bitstream/Demodulator_128Ch_wrapper.bit
targets -set -nocase -filter {name =~"APU*"}
loadhw -hw C:/Users/CamLT/AX7010_Work/UltrasonicFPGA2021/delay-and-sum-v2/delay-and-sum-v2-platform/export/delay-and-sum-v2-platform/hw/Demodulator_128Ch_wrapper.xsa -mem-ranges [list {0x40000000 0xbfffffff}] -regs
configparams force-mem-access 1
targets -set -nocase -filter {name =~"APU*"}
source C:/Users/CamLT/AX7010_Work/UltrasonicFPGA2021/delay-and-sum-v2/delay-and-sum-v2-app/_ide/psinit/ps7_init.tcl
ps7_init
ps7_post_config
targets -set -nocase -filter {name =~ "*A9*#0"}
dow C:/Users/CamLT/AX7010_Work/UltrasonicFPGA2021/delay-and-sum-v2/delay-and-sum-v2-app/Debug/delay-and-sum-v2-app.elf
configparams force-mem-access 0
----------------End of Script----------------

17:08:42 INFO  : Context for processor 'ps7_cortexa9_0' is selected.
17:08:42 INFO  : 'con' command is executed.
17:08:42 INFO  : ----------------XSDB Script (After Launch)----------------
targets -set -nocase -filter {name =~ "*A9*#0"}
con
----------------End of Script----------------

17:08:42 INFO  : Launch script is exported to file 'C:\Users\CamLT\AX7010_Work\UltrasonicFPGA2021\delay-and-sum-v2\delay-and-sum-v2-app_system\_ide\scripts\systemdebugger_delay-and-sum-v2-app_system_standalone.tcl'
17:15:01 INFO  : Checking for BSP changes to sync application flags for project 'delay-and-sum-v2-app'...
17:15:14 INFO  : Disconnected from the channel tcfchan#9.
17:15:14 INFO  : Connected to target on host '127.0.0.1' and port '3121'.
17:15:23 INFO  : ----------------XSDB Script----------------
connect -url tcp:127.0.0.1:3121
----------------End of Script----------------

17:15:23 ERROR : Could not find ARM device on the board for connection 'Local'.
Check if the target is in:
1. Split JTAG - No operations are possible with ARM DAP.
2. Non JTAG bootmode - Bootrom may need time to enable DAP.
Please try again.


Troubleshooting hints:
1. Check whether board is connected to system properly.
2. In case of zynq board, check whether Digilent/Xilinx cable switch settings are correct.
3. If you are using Xilinx Platform Cable USB, ensure that status LED is green.
17:15:30 INFO  : Connected to target on host '127.0.0.1' and port '3121'.
17:15:30 INFO  : Jtag cable 'Digilent JTAG-HS1 210512180081' is selected.
17:15:30 INFO  : 'jtag frequency' command is executed.
17:15:30 INFO  : Context for 'APU' is selected.
17:15:30 INFO  : System reset is completed.
17:15:33 INFO  : 'after 3000' command is executed.
17:15:33 INFO  : 'targets -set -filter {jtag_cable_name =~ "Digilent JTAG-HS1 210512180081" && level==0 && jtag_device_ctx=="jsn-JTAG-HS1-210512180081-13722093-0"}' command is executed.
17:15:35 INFO  : Device configured successfully with "C:/Users/CamLT/AX7010_Work/UltrasonicFPGA2021/delay-and-sum-v2/delay-and-sum-v2-app/_ide/bitstream/Demodulator_128Ch_wrapper.bit"
17:15:35 INFO  : Context for 'APU' is selected.
17:15:35 INFO  : Hardware design and registers information is loaded from 'C:/Users/CamLT/AX7010_Work/UltrasonicFPGA2021/delay-and-sum-v2/delay-and-sum-v2-platform/export/delay-and-sum-v2-platform/hw/Demodulator_128Ch_wrapper.xsa'.
17:15:35 INFO  : 'configparams force-mem-access 1' command is executed.
17:15:35 INFO  : Context for 'APU' is selected.
17:15:35 INFO  : Sourcing of 'C:/Users/CamLT/AX7010_Work/UltrasonicFPGA2021/delay-and-sum-v2/delay-and-sum-v2-app/_ide/psinit/ps7_init.tcl' is done.
17:15:36 INFO  : 'ps7_init' command is executed.
17:15:36 INFO  : 'ps7_post_config' command is executed.
17:15:36 INFO  : Context for processor 'ps7_cortexa9_0' is selected.
17:15:36 INFO  : The application 'C:/Users/CamLT/AX7010_Work/UltrasonicFPGA2021/delay-and-sum-v2/delay-and-sum-v2-app/Debug/delay-and-sum-v2-app.elf' is downloaded to processor 'ps7_cortexa9_0'.
17:15:36 INFO  : 'configparams force-mem-access 0' command is executed.
17:15:36 INFO  : ----------------XSDB Script----------------
connect -url tcp:127.0.0.1:3121
targets -set -nocase -filter {name =~"APU*"}
rst -system
after 3000
targets -set -filter {jtag_cable_name =~ "Digilent JTAG-HS1 210512180081" && level==0 && jtag_device_ctx=="jsn-JTAG-HS1-210512180081-13722093-0"}
fpga -file C:/Users/CamLT/AX7010_Work/UltrasonicFPGA2021/delay-and-sum-v2/delay-and-sum-v2-app/_ide/bitstream/Demodulator_128Ch_wrapper.bit
targets -set -nocase -filter {name =~"APU*"}
loadhw -hw C:/Users/CamLT/AX7010_Work/UltrasonicFPGA2021/delay-and-sum-v2/delay-and-sum-v2-platform/export/delay-and-sum-v2-platform/hw/Demodulator_128Ch_wrapper.xsa -mem-ranges [list {0x40000000 0xbfffffff}] -regs
configparams force-mem-access 1
targets -set -nocase -filter {name =~"APU*"}
source C:/Users/CamLT/AX7010_Work/UltrasonicFPGA2021/delay-and-sum-v2/delay-and-sum-v2-app/_ide/psinit/ps7_init.tcl
ps7_init
ps7_post_config
targets -set -nocase -filter {name =~ "*A9*#0"}
dow C:/Users/CamLT/AX7010_Work/UltrasonicFPGA2021/delay-and-sum-v2/delay-and-sum-v2-app/Debug/delay-and-sum-v2-app.elf
configparams force-mem-access 0
----------------End of Script----------------

17:15:37 INFO  : Context for processor 'ps7_cortexa9_0' is selected.
17:15:37 INFO  : 'con' command is executed.
17:15:37 INFO  : ----------------XSDB Script (After Launch)----------------
targets -set -nocase -filter {name =~ "*A9*#0"}
con
----------------End of Script----------------

17:15:37 INFO  : Launch script is exported to file 'C:\Users\CamLT\AX7010_Work\UltrasonicFPGA2021\delay-and-sum-v2\delay-and-sum-v2-app_system\_ide\scripts\systemdebugger_delay-and-sum-v2-app_system_standalone.tcl'
17:28:17 INFO  : Checking for BSP changes to sync application flags for project 'delay-and-sum-v2-app'...
17:28:48 INFO  : Checking for BSP changes to sync application flags for project 'delay-and-sum-v2-app'...
17:29:01 INFO  : Disconnected from the channel tcfchan#11.
17:29:01 INFO  : Connected to target on host '127.0.0.1' and port '3121'.
17:29:10 INFO  : ----------------XSDB Script----------------
connect -url tcp:127.0.0.1:3121
----------------End of Script----------------

17:29:10 ERROR : Could not find ARM device on the board for connection 'Local'.
Check if the target is in:
1. Split JTAG - No operations are possible with ARM DAP.
2. Non JTAG bootmode - Bootrom may need time to enable DAP.
Please try again.


Troubleshooting hints:
1. Check whether board is connected to system properly.
2. In case of zynq board, check whether Digilent/Xilinx cable switch settings are correct.
3. If you are using Xilinx Platform Cable USB, ensure that status LED is green.
17:29:17 INFO  : Checking for BSP changes to sync application flags for project 'delay-and-sum-v2-app'...
17:29:32 INFO  : Connected to target on host '127.0.0.1' and port '3121'.
17:29:33 INFO  : Jtag cable 'Digilent JTAG-HS1 210512180081' is selected.
17:29:33 INFO  : 'jtag frequency' command is executed.
17:29:33 INFO  : Context for 'APU' is selected.
17:29:33 INFO  : System reset is completed.
17:29:36 INFO  : 'after 3000' command is executed.
17:29:36 INFO  : 'targets -set -filter {jtag_cable_name =~ "Digilent JTAG-HS1 210512180081" && level==0 && jtag_device_ctx=="jsn-JTAG-HS1-210512180081-13722093-0"}' command is executed.
17:29:38 INFO  : Device configured successfully with "C:/Users/CamLT/AX7010_Work/UltrasonicFPGA2021/delay-and-sum-v2/delay-and-sum-v2-app/_ide/bitstream/Demodulator_128Ch_wrapper.bit"
17:29:38 INFO  : Context for 'APU' is selected.
17:29:38 INFO  : Hardware design and registers information is loaded from 'C:/Users/CamLT/AX7010_Work/UltrasonicFPGA2021/delay-and-sum-v2/delay-and-sum-v2-platform/export/delay-and-sum-v2-platform/hw/Demodulator_128Ch_wrapper.xsa'.
17:29:38 INFO  : 'configparams force-mem-access 1' command is executed.
17:29:38 INFO  : Context for 'APU' is selected.
17:29:38 INFO  : Sourcing of 'C:/Users/CamLT/AX7010_Work/UltrasonicFPGA2021/delay-and-sum-v2/delay-and-sum-v2-app/_ide/psinit/ps7_init.tcl' is done.
17:29:38 INFO  : 'ps7_init' command is executed.
17:29:38 INFO  : 'ps7_post_config' command is executed.
17:29:38 INFO  : Context for processor 'ps7_cortexa9_0' is selected.
17:29:39 INFO  : The application 'C:/Users/CamLT/AX7010_Work/UltrasonicFPGA2021/delay-and-sum-v2/delay-and-sum-v2-app/Debug/delay-and-sum-v2-app.elf' is downloaded to processor 'ps7_cortexa9_0'.
17:29:39 INFO  : 'configparams force-mem-access 0' command is executed.
17:29:39 INFO  : ----------------XSDB Script----------------
connect -url tcp:127.0.0.1:3121
targets -set -nocase -filter {name =~"APU*"}
rst -system
after 3000
targets -set -filter {jtag_cable_name =~ "Digilent JTAG-HS1 210512180081" && level==0 && jtag_device_ctx=="jsn-JTAG-HS1-210512180081-13722093-0"}
fpga -file C:/Users/CamLT/AX7010_Work/UltrasonicFPGA2021/delay-and-sum-v2/delay-and-sum-v2-app/_ide/bitstream/Demodulator_128Ch_wrapper.bit
targets -set -nocase -filter {name =~"APU*"}
loadhw -hw C:/Users/CamLT/AX7010_Work/UltrasonicFPGA2021/delay-and-sum-v2/delay-and-sum-v2-platform/export/delay-and-sum-v2-platform/hw/Demodulator_128Ch_wrapper.xsa -mem-ranges [list {0x40000000 0xbfffffff}] -regs
configparams force-mem-access 1
targets -set -nocase -filter {name =~"APU*"}
source C:/Users/CamLT/AX7010_Work/UltrasonicFPGA2021/delay-and-sum-v2/delay-and-sum-v2-app/_ide/psinit/ps7_init.tcl
ps7_init
ps7_post_config
targets -set -nocase -filter {name =~ "*A9*#0"}
dow C:/Users/CamLT/AX7010_Work/UltrasonicFPGA2021/delay-and-sum-v2/delay-and-sum-v2-app/Debug/delay-and-sum-v2-app.elf
configparams force-mem-access 0
----------------End of Script----------------

17:29:39 INFO  : Context for processor 'ps7_cortexa9_0' is selected.
17:29:39 INFO  : 'con' command is executed.
17:29:39 INFO  : ----------------XSDB Script (After Launch)----------------
targets -set -nocase -filter {name =~ "*A9*#0"}
con
----------------End of Script----------------

17:29:39 INFO  : Launch script is exported to file 'C:\Users\CamLT\AX7010_Work\UltrasonicFPGA2021\delay-and-sum-v2\delay-and-sum-v2-app_system\_ide\scripts\systemdebugger_delay-and-sum-v2-app_system_standalone.tcl'
17:32:39 INFO  : Disconnected from the channel tcfchan#13.
17:32:39 INFO  : Connected to target on host '127.0.0.1' and port '3121'.
17:32:40 INFO  : Jtag cable 'Digilent JTAG-HS1 210512180081' is selected.
17:32:40 INFO  : 'jtag frequency' command is executed.
17:32:40 INFO  : Context for 'APU' is selected.
17:32:40 INFO  : System reset is completed.
17:32:43 INFO  : 'after 3000' command is executed.
17:32:43 INFO  : 'targets -set -filter {jtag_cable_name =~ "Digilent JTAG-HS1 210512180081" && level==0 && jtag_device_ctx=="jsn-JTAG-HS1-210512180081-13722093-0"}' command is executed.
17:32:45 INFO  : Device configured successfully with "C:/Users/CamLT/AX7010_Work/UltrasonicFPGA2021/delay-and-sum-v2/delay-and-sum-v2-app/_ide/bitstream/Demodulator_128Ch_wrapper.bit"
17:32:45 INFO  : Context for 'APU' is selected.
17:32:45 INFO  : Hardware design and registers information is loaded from 'C:/Users/CamLT/AX7010_Work/UltrasonicFPGA2021/delay-and-sum-v2/delay-and-sum-v2-platform/export/delay-and-sum-v2-platform/hw/Demodulator_128Ch_wrapper.xsa'.
17:32:45 INFO  : 'configparams force-mem-access 1' command is executed.
17:32:45 INFO  : Context for 'APU' is selected.
17:32:45 INFO  : Sourcing of 'C:/Users/CamLT/AX7010_Work/UltrasonicFPGA2021/delay-and-sum-v2/delay-and-sum-v2-app/_ide/psinit/ps7_init.tcl' is done.
17:32:45 INFO  : 'ps7_init' command is executed.
17:32:45 INFO  : 'ps7_post_config' command is executed.
17:32:45 INFO  : Context for processor 'ps7_cortexa9_0' is selected.
17:32:46 INFO  : The application 'C:/Users/CamLT/AX7010_Work/UltrasonicFPGA2021/delay-and-sum-v2/delay-and-sum-v2-app/Debug/delay-and-sum-v2-app.elf' is downloaded to processor 'ps7_cortexa9_0'.
17:32:46 INFO  : 'configparams force-mem-access 0' command is executed.
17:32:46 INFO  : ----------------XSDB Script----------------
connect -url tcp:127.0.0.1:3121
targets -set -nocase -filter {name =~"APU*"}
rst -system
after 3000
targets -set -filter {jtag_cable_name =~ "Digilent JTAG-HS1 210512180081" && level==0 && jtag_device_ctx=="jsn-JTAG-HS1-210512180081-13722093-0"}
fpga -file C:/Users/CamLT/AX7010_Work/UltrasonicFPGA2021/delay-and-sum-v2/delay-and-sum-v2-app/_ide/bitstream/Demodulator_128Ch_wrapper.bit
targets -set -nocase -filter {name =~"APU*"}
loadhw -hw C:/Users/CamLT/AX7010_Work/UltrasonicFPGA2021/delay-and-sum-v2/delay-and-sum-v2-platform/export/delay-and-sum-v2-platform/hw/Demodulator_128Ch_wrapper.xsa -mem-ranges [list {0x40000000 0xbfffffff}] -regs
configparams force-mem-access 1
targets -set -nocase -filter {name =~"APU*"}
source C:/Users/CamLT/AX7010_Work/UltrasonicFPGA2021/delay-and-sum-v2/delay-and-sum-v2-app/_ide/psinit/ps7_init.tcl
ps7_init
ps7_post_config
targets -set -nocase -filter {name =~ "*A9*#0"}
dow C:/Users/CamLT/AX7010_Work/UltrasonicFPGA2021/delay-and-sum-v2/delay-and-sum-v2-app/Debug/delay-and-sum-v2-app.elf
configparams force-mem-access 0
----------------End of Script----------------

17:32:46 INFO  : Context for processor 'ps7_cortexa9_0' is selected.
17:32:46 INFO  : 'con' command is executed.
17:32:46 INFO  : ----------------XSDB Script (After Launch)----------------
targets -set -nocase -filter {name =~ "*A9*#0"}
con
----------------End of Script----------------

17:32:46 INFO  : Launch script is exported to file 'C:\Users\CamLT\AX7010_Work\UltrasonicFPGA2021\delay-and-sum-v2\delay-and-sum-v2-app_system\_ide\scripts\systemdebugger_delay-and-sum-v2-app_system_standalone.tcl'
17:37:32 INFO  : Checking for BSP changes to sync application flags for project 'delay-and-sum-v2-app'...
17:37:44 INFO  : Disconnected from the channel tcfchan#15.
17:37:44 INFO  : Connected to target on host '127.0.0.1' and port '3121'.
17:37:44 INFO  : Jtag cable 'Digilent JTAG-HS1 210512180081' is selected.
17:37:44 INFO  : 'jtag frequency' command is executed.
17:37:44 INFO  : Context for 'APU' is selected.
17:37:44 INFO  : System reset is completed.
17:37:47 INFO  : 'after 3000' command is executed.
17:37:48 INFO  : 'targets -set -filter {jtag_cable_name =~ "Digilent JTAG-HS1 210512180081" && level==0 && jtag_device_ctx=="jsn-JTAG-HS1-210512180081-13722093-0"}' command is executed.
17:37:49 INFO  : Device configured successfully with "C:/Users/CamLT/AX7010_Work/UltrasonicFPGA2021/delay-and-sum-v2/delay-and-sum-v2-app/_ide/bitstream/Demodulator_128Ch_wrapper.bit"
17:37:49 INFO  : Context for 'APU' is selected.
17:37:49 INFO  : Hardware design and registers information is loaded from 'C:/Users/CamLT/AX7010_Work/UltrasonicFPGA2021/delay-and-sum-v2/delay-and-sum-v2-platform/export/delay-and-sum-v2-platform/hw/Demodulator_128Ch_wrapper.xsa'.
17:37:49 INFO  : 'configparams force-mem-access 1' command is executed.
17:37:49 INFO  : Context for 'APU' is selected.
17:37:49 INFO  : Sourcing of 'C:/Users/CamLT/AX7010_Work/UltrasonicFPGA2021/delay-and-sum-v2/delay-and-sum-v2-app/_ide/psinit/ps7_init.tcl' is done.
17:37:50 INFO  : 'ps7_init' command is executed.
17:37:50 INFO  : 'ps7_post_config' command is executed.
17:37:50 INFO  : Context for processor 'ps7_cortexa9_0' is selected.
17:37:50 INFO  : The application 'C:/Users/CamLT/AX7010_Work/UltrasonicFPGA2021/delay-and-sum-v2/delay-and-sum-v2-app/Debug/delay-and-sum-v2-app.elf' is downloaded to processor 'ps7_cortexa9_0'.
17:37:50 INFO  : 'configparams force-mem-access 0' command is executed.
17:37:50 INFO  : ----------------XSDB Script----------------
connect -url tcp:127.0.0.1:3121
targets -set -nocase -filter {name =~"APU*"}
rst -system
after 3000
targets -set -filter {jtag_cable_name =~ "Digilent JTAG-HS1 210512180081" && level==0 && jtag_device_ctx=="jsn-JTAG-HS1-210512180081-13722093-0"}
fpga -file C:/Users/CamLT/AX7010_Work/UltrasonicFPGA2021/delay-and-sum-v2/delay-and-sum-v2-app/_ide/bitstream/Demodulator_128Ch_wrapper.bit
targets -set -nocase -filter {name =~"APU*"}
loadhw -hw C:/Users/CamLT/AX7010_Work/UltrasonicFPGA2021/delay-and-sum-v2/delay-and-sum-v2-platform/export/delay-and-sum-v2-platform/hw/Demodulator_128Ch_wrapper.xsa -mem-ranges [list {0x40000000 0xbfffffff}] -regs
configparams force-mem-access 1
targets -set -nocase -filter {name =~"APU*"}
source C:/Users/CamLT/AX7010_Work/UltrasonicFPGA2021/delay-and-sum-v2/delay-and-sum-v2-app/_ide/psinit/ps7_init.tcl
ps7_init
ps7_post_config
targets -set -nocase -filter {name =~ "*A9*#0"}
dow C:/Users/CamLT/AX7010_Work/UltrasonicFPGA2021/delay-and-sum-v2/delay-and-sum-v2-app/Debug/delay-and-sum-v2-app.elf
configparams force-mem-access 0
----------------End of Script----------------

17:37:50 INFO  : Context for processor 'ps7_cortexa9_0' is selected.
17:37:50 INFO  : 'con' command is executed.
17:37:50 INFO  : ----------------XSDB Script (After Launch)----------------
targets -set -nocase -filter {name =~ "*A9*#0"}
con
----------------End of Script----------------

17:37:50 INFO  : Launch script is exported to file 'C:\Users\CamLT\AX7010_Work\UltrasonicFPGA2021\delay-and-sum-v2\delay-and-sum-v2-app_system\_ide\scripts\systemdebugger_delay-and-sum-v2-app_system_standalone.tcl'
17:42:54 INFO  : Checking for BSP changes to sync application flags for project 'delay-and-sum-v2-app'...
17:43:06 INFO  : Disconnected from the channel tcfchan#17.
17:43:06 INFO  : Connected to target on host '127.0.0.1' and port '3121'.
17:43:06 INFO  : Jtag cable 'Digilent JTAG-HS1 210512180081' is selected.
17:43:06 INFO  : 'jtag frequency' command is executed.
17:43:06 INFO  : Context for 'APU' is selected.
17:43:06 INFO  : System reset is completed.
17:43:09 INFO  : 'after 3000' command is executed.
17:43:09 INFO  : 'targets -set -filter {jtag_cable_name =~ "Digilent JTAG-HS1 210512180081" && level==0 && jtag_device_ctx=="jsn-JTAG-HS1-210512180081-13722093-0"}' command is executed.
17:43:11 INFO  : Device configured successfully with "C:/Users/CamLT/AX7010_Work/UltrasonicFPGA2021/delay-and-sum-v2/delay-and-sum-v2-app/_ide/bitstream/Demodulator_128Ch_wrapper.bit"
17:43:11 INFO  : Context for 'APU' is selected.
17:43:11 INFO  : Hardware design and registers information is loaded from 'C:/Users/CamLT/AX7010_Work/UltrasonicFPGA2021/delay-and-sum-v2/delay-and-sum-v2-platform/export/delay-and-sum-v2-platform/hw/Demodulator_128Ch_wrapper.xsa'.
17:43:11 INFO  : 'configparams force-mem-access 1' command is executed.
17:43:11 INFO  : Context for 'APU' is selected.
17:43:11 INFO  : Sourcing of 'C:/Users/CamLT/AX7010_Work/UltrasonicFPGA2021/delay-and-sum-v2/delay-and-sum-v2-app/_ide/psinit/ps7_init.tcl' is done.
17:43:11 INFO  : 'ps7_init' command is executed.
17:43:11 INFO  : 'ps7_post_config' command is executed.
17:43:11 INFO  : Context for processor 'ps7_cortexa9_0' is selected.
17:43:12 INFO  : The application 'C:/Users/CamLT/AX7010_Work/UltrasonicFPGA2021/delay-and-sum-v2/delay-and-sum-v2-app/Debug/delay-and-sum-v2-app.elf' is downloaded to processor 'ps7_cortexa9_0'.
17:43:12 INFO  : 'configparams force-mem-access 0' command is executed.
17:43:12 INFO  : ----------------XSDB Script----------------
connect -url tcp:127.0.0.1:3121
targets -set -nocase -filter {name =~"APU*"}
rst -system
after 3000
targets -set -filter {jtag_cable_name =~ "Digilent JTAG-HS1 210512180081" && level==0 && jtag_device_ctx=="jsn-JTAG-HS1-210512180081-13722093-0"}
fpga -file C:/Users/CamLT/AX7010_Work/UltrasonicFPGA2021/delay-and-sum-v2/delay-and-sum-v2-app/_ide/bitstream/Demodulator_128Ch_wrapper.bit
targets -set -nocase -filter {name =~"APU*"}
loadhw -hw C:/Users/CamLT/AX7010_Work/UltrasonicFPGA2021/delay-and-sum-v2/delay-and-sum-v2-platform/export/delay-and-sum-v2-platform/hw/Demodulator_128Ch_wrapper.xsa -mem-ranges [list {0x40000000 0xbfffffff}] -regs
configparams force-mem-access 1
targets -set -nocase -filter {name =~"APU*"}
source C:/Users/CamLT/AX7010_Work/UltrasonicFPGA2021/delay-and-sum-v2/delay-and-sum-v2-app/_ide/psinit/ps7_init.tcl
ps7_init
ps7_post_config
targets -set -nocase -filter {name =~ "*A9*#0"}
dow C:/Users/CamLT/AX7010_Work/UltrasonicFPGA2021/delay-and-sum-v2/delay-and-sum-v2-app/Debug/delay-and-sum-v2-app.elf
configparams force-mem-access 0
----------------End of Script----------------

17:43:12 INFO  : Context for processor 'ps7_cortexa9_0' is selected.
17:43:12 INFO  : 'con' command is executed.
17:43:12 INFO  : ----------------XSDB Script (After Launch)----------------
targets -set -nocase -filter {name =~ "*A9*#0"}
con
----------------End of Script----------------

17:43:12 INFO  : Launch script is exported to file 'C:\Users\CamLT\AX7010_Work\UltrasonicFPGA2021\delay-and-sum-v2\delay-and-sum-v2-app_system\_ide\scripts\systemdebugger_delay-and-sum-v2-app_system_standalone.tcl'
17:46:48 INFO  : Disconnected from the channel tcfchan#19.
17:46:48 INFO  : Connected to target on host '127.0.0.1' and port '3121'.
17:46:48 INFO  : Jtag cable 'Digilent JTAG-HS1 210512180081' is selected.
17:46:48 INFO  : 'jtag frequency' command is executed.
17:46:48 INFO  : Context for 'APU' is selected.
17:46:48 INFO  : System reset is completed.
17:46:51 INFO  : 'after 3000' command is executed.
17:46:51 INFO  : 'targets -set -filter {jtag_cable_name =~ "Digilent JTAG-HS1 210512180081" && level==0 && jtag_device_ctx=="jsn-JTAG-HS1-210512180081-13722093-0"}' command is executed.
17:46:53 INFO  : Device configured successfully with "C:/Users/CamLT/AX7010_Work/UltrasonicFPGA2021/delay-and-sum-v2/delay-and-sum-v2-app/_ide/bitstream/Demodulator_128Ch_wrapper.bit"
17:46:53 INFO  : Context for 'APU' is selected.
17:46:53 INFO  : Hardware design and registers information is loaded from 'C:/Users/CamLT/AX7010_Work/UltrasonicFPGA2021/delay-and-sum-v2/delay-and-sum-v2-platform/export/delay-and-sum-v2-platform/hw/Demodulator_128Ch_wrapper.xsa'.
17:46:53 INFO  : 'configparams force-mem-access 1' command is executed.
17:46:53 INFO  : Context for 'APU' is selected.
17:46:53 INFO  : Sourcing of 'C:/Users/CamLT/AX7010_Work/UltrasonicFPGA2021/delay-and-sum-v2/delay-and-sum-v2-app/_ide/psinit/ps7_init.tcl' is done.
17:46:53 INFO  : 'ps7_init' command is executed.
17:46:53 INFO  : 'ps7_post_config' command is executed.
17:46:53 INFO  : Context for processor 'ps7_cortexa9_0' is selected.
17:46:54 INFO  : The application 'C:/Users/CamLT/AX7010_Work/UltrasonicFPGA2021/delay-and-sum-v2/delay-and-sum-v2-app/Debug/delay-and-sum-v2-app.elf' is downloaded to processor 'ps7_cortexa9_0'.
17:46:54 INFO  : 'configparams force-mem-access 0' command is executed.
17:46:54 INFO  : ----------------XSDB Script----------------
connect -url tcp:127.0.0.1:3121
targets -set -nocase -filter {name =~"APU*"}
rst -system
after 3000
targets -set -filter {jtag_cable_name =~ "Digilent JTAG-HS1 210512180081" && level==0 && jtag_device_ctx=="jsn-JTAG-HS1-210512180081-13722093-0"}
fpga -file C:/Users/CamLT/AX7010_Work/UltrasonicFPGA2021/delay-and-sum-v2/delay-and-sum-v2-app/_ide/bitstream/Demodulator_128Ch_wrapper.bit
targets -set -nocase -filter {name =~"APU*"}
loadhw -hw C:/Users/CamLT/AX7010_Work/UltrasonicFPGA2021/delay-and-sum-v2/delay-and-sum-v2-platform/export/delay-and-sum-v2-platform/hw/Demodulator_128Ch_wrapper.xsa -mem-ranges [list {0x40000000 0xbfffffff}] -regs
configparams force-mem-access 1
targets -set -nocase -filter {name =~"APU*"}
source C:/Users/CamLT/AX7010_Work/UltrasonicFPGA2021/delay-and-sum-v2/delay-and-sum-v2-app/_ide/psinit/ps7_init.tcl
ps7_init
ps7_post_config
targets -set -nocase -filter {name =~ "*A9*#0"}
dow C:/Users/CamLT/AX7010_Work/UltrasonicFPGA2021/delay-and-sum-v2/delay-and-sum-v2-app/Debug/delay-and-sum-v2-app.elf
configparams force-mem-access 0
----------------End of Script----------------

17:46:54 INFO  : Context for processor 'ps7_cortexa9_0' is selected.
17:46:54 INFO  : 'con' command is executed.
17:46:54 INFO  : ----------------XSDB Script (After Launch)----------------
targets -set -nocase -filter {name =~ "*A9*#0"}
con
----------------End of Script----------------

17:46:54 INFO  : Launch script is exported to file 'C:\Users\CamLT\AX7010_Work\UltrasonicFPGA2021\delay-and-sum-v2\delay-and-sum-v2-app_system\_ide\scripts\systemdebugger_delay-and-sum-v2-app_system_standalone.tcl'
17:50:43 INFO  : Checking for BSP changes to sync application flags for project 'delay-and-sum-v2-app'...
17:50:59 INFO  : Disconnected from the channel tcfchan#20.
17:50:59 INFO  : Connected to target on host '127.0.0.1' and port '3121'.
17:50:59 INFO  : Jtag cable 'Digilent JTAG-HS1 210512180081' is selected.
17:50:59 INFO  : 'jtag frequency' command is executed.
17:50:59 INFO  : Context for 'APU' is selected.
17:50:59 INFO  : System reset is completed.
17:51:02 INFO  : 'after 3000' command is executed.
17:51:02 INFO  : 'targets -set -filter {jtag_cable_name =~ "Digilent JTAG-HS1 210512180081" && level==0 && jtag_device_ctx=="jsn-JTAG-HS1-210512180081-13722093-0"}' command is executed.
17:51:04 INFO  : Device configured successfully with "C:/Users/CamLT/AX7010_Work/UltrasonicFPGA2021/delay-and-sum-v2/delay-and-sum-v2-app/_ide/bitstream/Demodulator_128Ch_wrapper.bit"
17:51:04 INFO  : Context for 'APU' is selected.
17:51:04 INFO  : Hardware design and registers information is loaded from 'C:/Users/CamLT/AX7010_Work/UltrasonicFPGA2021/delay-and-sum-v2/delay-and-sum-v2-platform/export/delay-and-sum-v2-platform/hw/Demodulator_128Ch_wrapper.xsa'.
17:51:04 INFO  : 'configparams force-mem-access 1' command is executed.
17:51:04 INFO  : Context for 'APU' is selected.
17:51:04 INFO  : Sourcing of 'C:/Users/CamLT/AX7010_Work/UltrasonicFPGA2021/delay-and-sum-v2/delay-and-sum-v2-app/_ide/psinit/ps7_init.tcl' is done.
17:51:04 INFO  : 'ps7_init' command is executed.
17:51:04 INFO  : 'ps7_post_config' command is executed.
17:51:04 INFO  : Context for processor 'ps7_cortexa9_0' is selected.
17:51:05 INFO  : The application 'C:/Users/CamLT/AX7010_Work/UltrasonicFPGA2021/delay-and-sum-v2/delay-and-sum-v2-app/Debug/delay-and-sum-v2-app.elf' is downloaded to processor 'ps7_cortexa9_0'.
17:51:05 INFO  : 'configparams force-mem-access 0' command is executed.
17:51:05 INFO  : ----------------XSDB Script----------------
connect -url tcp:127.0.0.1:3121
targets -set -nocase -filter {name =~"APU*"}
rst -system
after 3000
targets -set -filter {jtag_cable_name =~ "Digilent JTAG-HS1 210512180081" && level==0 && jtag_device_ctx=="jsn-JTAG-HS1-210512180081-13722093-0"}
fpga -file C:/Users/CamLT/AX7010_Work/UltrasonicFPGA2021/delay-and-sum-v2/delay-and-sum-v2-app/_ide/bitstream/Demodulator_128Ch_wrapper.bit
targets -set -nocase -filter {name =~"APU*"}
loadhw -hw C:/Users/CamLT/AX7010_Work/UltrasonicFPGA2021/delay-and-sum-v2/delay-and-sum-v2-platform/export/delay-and-sum-v2-platform/hw/Demodulator_128Ch_wrapper.xsa -mem-ranges [list {0x40000000 0xbfffffff}] -regs
configparams force-mem-access 1
targets -set -nocase -filter {name =~"APU*"}
source C:/Users/CamLT/AX7010_Work/UltrasonicFPGA2021/delay-and-sum-v2/delay-and-sum-v2-app/_ide/psinit/ps7_init.tcl
ps7_init
ps7_post_config
targets -set -nocase -filter {name =~ "*A9*#0"}
dow C:/Users/CamLT/AX7010_Work/UltrasonicFPGA2021/delay-and-sum-v2/delay-and-sum-v2-app/Debug/delay-and-sum-v2-app.elf
configparams force-mem-access 0
----------------End of Script----------------

17:51:05 INFO  : Context for processor 'ps7_cortexa9_0' is selected.
17:51:05 INFO  : 'con' command is executed.
17:51:05 INFO  : ----------------XSDB Script (After Launch)----------------
targets -set -nocase -filter {name =~ "*A9*#0"}
con
----------------End of Script----------------

17:51:05 INFO  : Launch script is exported to file 'C:\Users\CamLT\AX7010_Work\UltrasonicFPGA2021\delay-and-sum-v2\delay-and-sum-v2-app_system\_ide\scripts\systemdebugger_delay-and-sum-v2-app_system_standalone.tcl'
17:52:02 INFO  : Checking for BSP changes to sync application flags for project 'delay-and-sum-v2-app'...
17:52:19 INFO  : Disconnected from the channel tcfchan#22.
17:52:19 INFO  : Connected to target on host '127.0.0.1' and port '3121'.
17:52:20 INFO  : Jtag cable 'Digilent JTAG-HS1 210512180081' is selected.
17:52:20 INFO  : 'jtag frequency' command is executed.
17:52:20 INFO  : Context for 'APU' is selected.
17:52:20 INFO  : System reset is completed.
17:52:23 INFO  : 'after 3000' command is executed.
17:52:23 INFO  : 'targets -set -filter {jtag_cable_name =~ "Digilent JTAG-HS1 210512180081" && level==0 && jtag_device_ctx=="jsn-JTAG-HS1-210512180081-13722093-0"}' command is executed.
17:52:25 INFO  : Device configured successfully with "C:/Users/CamLT/AX7010_Work/UltrasonicFPGA2021/delay-and-sum-v2/delay-and-sum-v2-app/_ide/bitstream/Demodulator_128Ch_wrapper.bit"
17:52:25 INFO  : Context for 'APU' is selected.
17:52:25 INFO  : Hardware design and registers information is loaded from 'C:/Users/CamLT/AX7010_Work/UltrasonicFPGA2021/delay-and-sum-v2/delay-and-sum-v2-platform/export/delay-and-sum-v2-platform/hw/Demodulator_128Ch_wrapper.xsa'.
17:52:25 INFO  : 'configparams force-mem-access 1' command is executed.
17:52:25 INFO  : Context for 'APU' is selected.
17:52:25 INFO  : Sourcing of 'C:/Users/CamLT/AX7010_Work/UltrasonicFPGA2021/delay-and-sum-v2/delay-and-sum-v2-app/_ide/psinit/ps7_init.tcl' is done.
17:52:25 INFO  : 'ps7_init' command is executed.
17:52:25 INFO  : 'ps7_post_config' command is executed.
17:52:25 INFO  : Context for processor 'ps7_cortexa9_0' is selected.
17:52:25 INFO  : The application 'C:/Users/CamLT/AX7010_Work/UltrasonicFPGA2021/delay-and-sum-v2/delay-and-sum-v2-app/Debug/delay-and-sum-v2-app.elf' is downloaded to processor 'ps7_cortexa9_0'.
17:52:26 INFO  : 'configparams force-mem-access 0' command is executed.
17:52:26 INFO  : ----------------XSDB Script----------------
connect -url tcp:127.0.0.1:3121
targets -set -nocase -filter {name =~"APU*"}
rst -system
after 3000
targets -set -filter {jtag_cable_name =~ "Digilent JTAG-HS1 210512180081" && level==0 && jtag_device_ctx=="jsn-JTAG-HS1-210512180081-13722093-0"}
fpga -file C:/Users/CamLT/AX7010_Work/UltrasonicFPGA2021/delay-and-sum-v2/delay-and-sum-v2-app/_ide/bitstream/Demodulator_128Ch_wrapper.bit
targets -set -nocase -filter {name =~"APU*"}
loadhw -hw C:/Users/CamLT/AX7010_Work/UltrasonicFPGA2021/delay-and-sum-v2/delay-and-sum-v2-platform/export/delay-and-sum-v2-platform/hw/Demodulator_128Ch_wrapper.xsa -mem-ranges [list {0x40000000 0xbfffffff}] -regs
configparams force-mem-access 1
targets -set -nocase -filter {name =~"APU*"}
source C:/Users/CamLT/AX7010_Work/UltrasonicFPGA2021/delay-and-sum-v2/delay-and-sum-v2-app/_ide/psinit/ps7_init.tcl
ps7_init
ps7_post_config
targets -set -nocase -filter {name =~ "*A9*#0"}
dow C:/Users/CamLT/AX7010_Work/UltrasonicFPGA2021/delay-and-sum-v2/delay-and-sum-v2-app/Debug/delay-and-sum-v2-app.elf
configparams force-mem-access 0
----------------End of Script----------------

17:52:26 INFO  : Context for processor 'ps7_cortexa9_0' is selected.
17:52:26 INFO  : 'con' command is executed.
17:52:26 INFO  : ----------------XSDB Script (After Launch)----------------
targets -set -nocase -filter {name =~ "*A9*#0"}
con
----------------End of Script----------------

17:52:26 INFO  : Launch script is exported to file 'C:\Users\CamLT\AX7010_Work\UltrasonicFPGA2021\delay-and-sum-v2\delay-and-sum-v2-app_system\_ide\scripts\systemdebugger_delay-and-sum-v2-app_system_standalone.tcl'
17:58:53 INFO  : Checking for BSP changes to sync application flags for project 'delay-and-sum-v2-app'...
17:59:04 INFO  : Disconnected from the channel tcfchan#24.
17:59:04 INFO  : Connected to target on host '127.0.0.1' and port '3121'.
17:59:04 INFO  : Jtag cable 'Digilent JTAG-HS1 210512180081' is selected.
17:59:04 INFO  : 'jtag frequency' command is executed.
17:59:04 INFO  : Context for 'APU' is selected.
17:59:04 INFO  : System reset is completed.
17:59:07 INFO  : 'after 3000' command is executed.
17:59:07 INFO  : 'targets -set -filter {jtag_cable_name =~ "Digilent JTAG-HS1 210512180081" && level==0 && jtag_device_ctx=="jsn-JTAG-HS1-210512180081-13722093-0"}' command is executed.
17:59:09 INFO  : Device configured successfully with "C:/Users/CamLT/AX7010_Work/UltrasonicFPGA2021/delay-and-sum-v2/delay-and-sum-v2-app/_ide/bitstream/Demodulator_128Ch_wrapper.bit"
17:59:09 INFO  : Context for 'APU' is selected.
17:59:09 INFO  : Hardware design and registers information is loaded from 'C:/Users/CamLT/AX7010_Work/UltrasonicFPGA2021/delay-and-sum-v2/delay-and-sum-v2-platform/export/delay-and-sum-v2-platform/hw/Demodulator_128Ch_wrapper.xsa'.
17:59:09 INFO  : 'configparams force-mem-access 1' command is executed.
17:59:09 INFO  : Context for 'APU' is selected.
17:59:09 INFO  : Sourcing of 'C:/Users/CamLT/AX7010_Work/UltrasonicFPGA2021/delay-and-sum-v2/delay-and-sum-v2-app/_ide/psinit/ps7_init.tcl' is done.
17:59:09 INFO  : 'ps7_init' command is executed.
17:59:09 INFO  : 'ps7_post_config' command is executed.
17:59:09 INFO  : Context for processor 'ps7_cortexa9_0' is selected.
17:59:10 INFO  : The application 'C:/Users/CamLT/AX7010_Work/UltrasonicFPGA2021/delay-and-sum-v2/delay-and-sum-v2-app/Debug/delay-and-sum-v2-app.elf' is downloaded to processor 'ps7_cortexa9_0'.
17:59:10 INFO  : 'configparams force-mem-access 0' command is executed.
17:59:10 INFO  : ----------------XSDB Script----------------
connect -url tcp:127.0.0.1:3121
targets -set -nocase -filter {name =~"APU*"}
rst -system
after 3000
targets -set -filter {jtag_cable_name =~ "Digilent JTAG-HS1 210512180081" && level==0 && jtag_device_ctx=="jsn-JTAG-HS1-210512180081-13722093-0"}
fpga -file C:/Users/CamLT/AX7010_Work/UltrasonicFPGA2021/delay-and-sum-v2/delay-and-sum-v2-app/_ide/bitstream/Demodulator_128Ch_wrapper.bit
targets -set -nocase -filter {name =~"APU*"}
loadhw -hw C:/Users/CamLT/AX7010_Work/UltrasonicFPGA2021/delay-and-sum-v2/delay-and-sum-v2-platform/export/delay-and-sum-v2-platform/hw/Demodulator_128Ch_wrapper.xsa -mem-ranges [list {0x40000000 0xbfffffff}] -regs
configparams force-mem-access 1
targets -set -nocase -filter {name =~"APU*"}
source C:/Users/CamLT/AX7010_Work/UltrasonicFPGA2021/delay-and-sum-v2/delay-and-sum-v2-app/_ide/psinit/ps7_init.tcl
ps7_init
ps7_post_config
targets -set -nocase -filter {name =~ "*A9*#0"}
dow C:/Users/CamLT/AX7010_Work/UltrasonicFPGA2021/delay-and-sum-v2/delay-and-sum-v2-app/Debug/delay-and-sum-v2-app.elf
configparams force-mem-access 0
----------------End of Script----------------

17:59:10 INFO  : Context for processor 'ps7_cortexa9_0' is selected.
17:59:10 INFO  : 'con' command is executed.
17:59:10 INFO  : ----------------XSDB Script (After Launch)----------------
targets -set -nocase -filter {name =~ "*A9*#0"}
con
----------------End of Script----------------

17:59:10 INFO  : Launch script is exported to file 'C:\Users\CamLT\AX7010_Work\UltrasonicFPGA2021\delay-and-sum-v2\delay-and-sum-v2-app_system\_ide\scripts\systemdebugger_delay-and-sum-v2-app_system_standalone.tcl'
18:01:24 INFO  : Checking for BSP changes to sync application flags for project 'delay-and-sum-v2-app'...
18:01:35 INFO  : Disconnected from the channel tcfchan#26.
18:01:35 INFO  : Connected to target on host '127.0.0.1' and port '3121'.
18:01:36 INFO  : Jtag cable 'Digilent JTAG-HS1 210512180081' is selected.
18:01:36 INFO  : 'jtag frequency' command is executed.
18:01:36 INFO  : Context for 'APU' is selected.
18:01:36 INFO  : System reset is completed.
18:01:39 INFO  : 'after 3000' command is executed.
18:01:39 INFO  : 'targets -set -filter {jtag_cable_name =~ "Digilent JTAG-HS1 210512180081" && level==0 && jtag_device_ctx=="jsn-JTAG-HS1-210512180081-13722093-0"}' command is executed.
18:01:40 INFO  : Device configured successfully with "C:/Users/CamLT/AX7010_Work/UltrasonicFPGA2021/delay-and-sum-v2/delay-and-sum-v2-app/_ide/bitstream/Demodulator_128Ch_wrapper.bit"
18:01:40 INFO  : Context for 'APU' is selected.
18:01:41 INFO  : Hardware design and registers information is loaded from 'C:/Users/CamLT/AX7010_Work/UltrasonicFPGA2021/delay-and-sum-v2/delay-and-sum-v2-platform/export/delay-and-sum-v2-platform/hw/Demodulator_128Ch_wrapper.xsa'.
18:01:41 INFO  : 'configparams force-mem-access 1' command is executed.
18:01:41 INFO  : Context for 'APU' is selected.
18:01:41 INFO  : Sourcing of 'C:/Users/CamLT/AX7010_Work/UltrasonicFPGA2021/delay-and-sum-v2/delay-and-sum-v2-app/_ide/psinit/ps7_init.tcl' is done.
18:01:41 INFO  : 'ps7_init' command is executed.
18:01:41 INFO  : 'ps7_post_config' command is executed.
18:01:41 INFO  : Context for processor 'ps7_cortexa9_0' is selected.
18:01:41 INFO  : The application 'C:/Users/CamLT/AX7010_Work/UltrasonicFPGA2021/delay-and-sum-v2/delay-and-sum-v2-app/Debug/delay-and-sum-v2-app.elf' is downloaded to processor 'ps7_cortexa9_0'.
18:01:41 INFO  : 'configparams force-mem-access 0' command is executed.
18:01:41 INFO  : ----------------XSDB Script----------------
connect -url tcp:127.0.0.1:3121
targets -set -nocase -filter {name =~"APU*"}
rst -system
after 3000
targets -set -filter {jtag_cable_name =~ "Digilent JTAG-HS1 210512180081" && level==0 && jtag_device_ctx=="jsn-JTAG-HS1-210512180081-13722093-0"}
fpga -file C:/Users/CamLT/AX7010_Work/UltrasonicFPGA2021/delay-and-sum-v2/delay-and-sum-v2-app/_ide/bitstream/Demodulator_128Ch_wrapper.bit
targets -set -nocase -filter {name =~"APU*"}
loadhw -hw C:/Users/CamLT/AX7010_Work/UltrasonicFPGA2021/delay-and-sum-v2/delay-and-sum-v2-platform/export/delay-and-sum-v2-platform/hw/Demodulator_128Ch_wrapper.xsa -mem-ranges [list {0x40000000 0xbfffffff}] -regs
configparams force-mem-access 1
targets -set -nocase -filter {name =~"APU*"}
source C:/Users/CamLT/AX7010_Work/UltrasonicFPGA2021/delay-and-sum-v2/delay-and-sum-v2-app/_ide/psinit/ps7_init.tcl
ps7_init
ps7_post_config
targets -set -nocase -filter {name =~ "*A9*#0"}
dow C:/Users/CamLT/AX7010_Work/UltrasonicFPGA2021/delay-and-sum-v2/delay-and-sum-v2-app/Debug/delay-and-sum-v2-app.elf
configparams force-mem-access 0
----------------End of Script----------------

18:01:41 INFO  : Context for processor 'ps7_cortexa9_0' is selected.
18:01:41 INFO  : 'con' command is executed.
18:01:41 INFO  : ----------------XSDB Script (After Launch)----------------
targets -set -nocase -filter {name =~ "*A9*#0"}
con
----------------End of Script----------------

18:01:41 INFO  : Launch script is exported to file 'C:\Users\CamLT\AX7010_Work\UltrasonicFPGA2021\delay-and-sum-v2\delay-and-sum-v2-app_system\_ide\scripts\systemdebugger_delay-and-sum-v2-app_system_standalone.tcl'
18:09:58 INFO  : Disconnected from the channel tcfchan#28.
18:09:58 INFO  : Connected to target on host '127.0.0.1' and port '3121'.
18:09:58 INFO  : Jtag cable 'Digilent JTAG-HS1 210512180081' is selected.
18:09:58 INFO  : 'jtag frequency' command is executed.
18:09:58 INFO  : Context for 'APU' is selected.
18:09:58 INFO  : System reset is completed.
18:10:01 INFO  : 'after 3000' command is executed.
18:10:01 INFO  : 'targets -set -filter {jtag_cable_name =~ "Digilent JTAG-HS1 210512180081" && level==0 && jtag_device_ctx=="jsn-JTAG-HS1-210512180081-13722093-0"}' command is executed.
18:10:03 INFO  : Device configured successfully with "C:/Users/CamLT/AX7010_Work/UltrasonicFPGA2021/delay-and-sum-v2/delay-and-sum-v2-app/_ide/bitstream/Demodulator_128Ch_wrapper.bit"
18:10:03 INFO  : Context for 'APU' is selected.
18:10:03 INFO  : Hardware design and registers information is loaded from 'C:/Users/CamLT/AX7010_Work/UltrasonicFPGA2021/delay-and-sum-v2/delay-and-sum-v2-platform/export/delay-and-sum-v2-platform/hw/Demodulator_128Ch_wrapper.xsa'.
18:10:03 INFO  : 'configparams force-mem-access 1' command is executed.
18:10:03 INFO  : Context for 'APU' is selected.
18:10:03 INFO  : Sourcing of 'C:/Users/CamLT/AX7010_Work/UltrasonicFPGA2021/delay-and-sum-v2/delay-and-sum-v2-app/_ide/psinit/ps7_init.tcl' is done.
18:10:03 INFO  : 'ps7_init' command is executed.
18:10:03 INFO  : 'ps7_post_config' command is executed.
18:10:03 INFO  : Context for processor 'ps7_cortexa9_0' is selected.
18:10:04 INFO  : The application 'C:/Users/CamLT/AX7010_Work/UltrasonicFPGA2021/delay-and-sum-v2/delay-and-sum-v2-app/Debug/delay-and-sum-v2-app.elf' is downloaded to processor 'ps7_cortexa9_0'.
18:10:04 INFO  : 'configparams force-mem-access 0' command is executed.
18:10:04 INFO  : ----------------XSDB Script----------------
connect -url tcp:127.0.0.1:3121
targets -set -nocase -filter {name =~"APU*"}
rst -system
after 3000
targets -set -filter {jtag_cable_name =~ "Digilent JTAG-HS1 210512180081" && level==0 && jtag_device_ctx=="jsn-JTAG-HS1-210512180081-13722093-0"}
fpga -file C:/Users/CamLT/AX7010_Work/UltrasonicFPGA2021/delay-and-sum-v2/delay-and-sum-v2-app/_ide/bitstream/Demodulator_128Ch_wrapper.bit
targets -set -nocase -filter {name =~"APU*"}
loadhw -hw C:/Users/CamLT/AX7010_Work/UltrasonicFPGA2021/delay-and-sum-v2/delay-and-sum-v2-platform/export/delay-and-sum-v2-platform/hw/Demodulator_128Ch_wrapper.xsa -mem-ranges [list {0x40000000 0xbfffffff}] -regs
configparams force-mem-access 1
targets -set -nocase -filter {name =~"APU*"}
source C:/Users/CamLT/AX7010_Work/UltrasonicFPGA2021/delay-and-sum-v2/delay-and-sum-v2-app/_ide/psinit/ps7_init.tcl
ps7_init
ps7_post_config
targets -set -nocase -filter {name =~ "*A9*#0"}
dow C:/Users/CamLT/AX7010_Work/UltrasonicFPGA2021/delay-and-sum-v2/delay-and-sum-v2-app/Debug/delay-and-sum-v2-app.elf
configparams force-mem-access 0
----------------End of Script----------------

18:10:04 INFO  : Context for processor 'ps7_cortexa9_0' is selected.
18:10:04 INFO  : 'con' command is executed.
18:10:04 INFO  : ----------------XSDB Script (After Launch)----------------
targets -set -nocase -filter {name =~ "*A9*#0"}
con
----------------End of Script----------------

18:10:04 INFO  : Launch script is exported to file 'C:\Users\CamLT\AX7010_Work\UltrasonicFPGA2021\delay-and-sum-v2\delay-and-sum-v2-app_system\_ide\scripts\systemdebugger_delay-and-sum-v2-app_system_standalone.tcl'
14:57:11 INFO  : Hardware specification for platform project 'delay-and-sum-v2-platform' is updated.
14:57:20 INFO  : Result from executing command 'removePlatformRepo': 
14:58:05 INFO  : Result from executing command 'getProjects': delay-and-sum-v2-platform
14:58:05 INFO  : Result from executing command 'getPlatforms': 
14:58:13 INFO  : No changes in MSS file content so sources will not be generated.
14:58:26 INFO  : Result from executing command 'getProjects': delay-and-sum-v2-platform
14:58:26 INFO  : Result from executing command 'getPlatforms': delay-and-sum-v2-platform|C:/Users/CamLT/AX7010_Work/UltrasonicFPGA2021/delay-and-sum-v2/delay-and-sum-v2-platform/export/delay-and-sum-v2-platform/delay-and-sum-v2-platform.xpfm
