13:59:23 **** Incremental Build of configuration Debug for project delay_and_sum_app ****
make all 
make --no-print-directory pre-build
a9-linaro-pre-build-step
' '
make --no-print-directory main-build
'Building file: ../src/control_channel.c'
'Invoking: ARM v7 gcc compiler'
arm-none-eabi-gcc -Wall -O0 -g3 -c -fmessage-length=0 -MT"src/control_channel.o" -mcpu=cortex-a9 -mfpu=vfpv3 -mfloat-abi=hard -IC:/Users/CamLT/AX7010_Work/UltrasonicFPGA2021/delay-and-sum/delay_and_sum_plat/export/delay_and_sum_plat/sw/delay_and_sum_plat/standalone_domain/bspinclude/include -MMD -MP -MF"src/control_channel.d" -MT"src/control_channel.o" -o "src/control_channel.o" "../src/control_channel.c"
'Finished building: ../src/control_channel.c'
' '
'Building file: ../src/echo.c'
'Invoking: ARM v7 gcc compiler'
arm-none-eabi-gcc -Wall -O0 -g3 -c -fmessage-length=0 -MT"src/echo.o" -mcpu=cortex-a9 -mfpu=vfpv3 -mfloat-abi=hard -IC:/Users/CamLT/AX7010_Work/UltrasonicFPGA2021/delay-and-sum/delay_and_sum_plat/export/delay_and_sum_plat/sw/delay_and_sum_plat/standalone_domain/bspinclude/include -MMD -MP -MF"src/echo.d" -MT"src/echo.o" -o "src/echo.o" "../src/echo.c"
'Finished building: ../src/echo.c'
' '
'Building file: ../src/i2c_access.c'
'Invoking: ARM v7 gcc compiler'
arm-none-eabi-gcc -Wall -O0 -g3 -c -fmessage-length=0 -MT"src/i2c_access.o" -mcpu=cortex-a9 -mfpu=vfpv3 -mfloat-abi=hard -IC:/Users/CamLT/AX7010_Work/UltrasonicFPGA2021/delay-and-sum/delay_and_sum_plat/export/delay_and_sum_plat/sw/delay_and_sum_plat/standalone_domain/bspinclude/include -MMD -MP -MF"src/i2c_access.d" -MT"src/i2c_access.o" -o "src/i2c_access.o" "../src/i2c_access.c"
'Finished building: ../src/i2c_access.c'
' '
'Building file: ../src/iic_phyreset.c'
'Invoking: ARM v7 gcc compiler'
arm-none-eabi-gcc -Wall -O0 -g3 -c -fmessage-length=0 -MT"src/iic_phyreset.o" -mcpu=cortex-a9 -mfpu=vfpv3 -mfloat-abi=hard -IC:/Users/CamLT/AX7010_Work/UltrasonicFPGA2021/delay-and-sum/delay_and_sum_plat/export/delay_and_sum_plat/sw/delay_and_sum_plat/standalone_domain/bspinclude/include -MMD -MP -MF"src/iic_phyreset.d" -MT"src/iic_phyreset.o" -o "src/iic_phyreset.o" "../src/iic_phyreset.c"
'Finished building: ../src/iic_phyreset.c'
' '
'Building file: ../src/main.c'
'Invoking: ARM v7 gcc compiler'
arm-none-eabi-gcc -Wall -O0 -g3 -c -fmessage-length=0 -MT"src/main.o" -mcpu=cortex-a9 -mfpu=vfpv3 -mfloat-abi=hard -IC:/Users/CamLT/AX7010_Work/UltrasonicFPGA2021/delay-and-sum/delay_and_sum_plat/export/delay_and_sum_plat/sw/delay_and_sum_plat/standalone_domain/bspinclude/include -MMD -MP -MF"src/main.d" -MT"src/main.o" -o "src/main.o" "../src/main.c"
../src/main.c: In function 'dma_init':
../src/main.c:245:5: warning: implicit declaration of function 'usleep' [-Wimplicit-function-declaration]
  245 |     usleep(2000000);  // Wait 2 seconds
      |     ^~~~~~
'Finished building: ../src/main.c'
' '
'Building file: ../src/packet_timer.c'
'Invoking: ARM v7 gcc compiler'
arm-none-eabi-gcc -Wall -O0 -g3 -c -fmessage-length=0 -MT"src/packet_timer.o" -mcpu=cortex-a9 -mfpu=vfpv3 -mfloat-abi=hard -IC:/Users/CamLT/AX7010_Work/UltrasonicFPGA2021/delay-and-sum/delay_and_sum_plat/export/delay_and_sum_plat/sw/delay_and_sum_plat/standalone_domain/bspinclude/include -MMD -MP -MF"src/packet_timer.d" -MT"src/packet_timer.o" -o "src/packet_timer.o" "../src/packet_timer.c"
'Finished building: ../src/packet_timer.c'
' '
'Building file: ../src/platform.c'
'Invoking: ARM v7 gcc compiler'
arm-none-eabi-gcc -Wall -O0 -g3 -c -fmessage-length=0 -MT"src/platform.o" -mcpu=cortex-a9 -mfpu=vfpv3 -mfloat-abi=hard -IC:/Users/CamLT/AX7010_Work/UltrasonicFPGA2021/delay-and-sum/delay_and_sum_plat/export/delay_and_sum_plat/sw/delay_and_sum_plat/standalone_domain/bspinclude/include -MMD -MP -MF"src/platform.d" -MT"src/platform.o" -o "src/platform.o" "../src/platform.c"
'Finished building: ../src/platform.c'
' '
'Building file: ../src/platform_mb.c'
'Invoking: ARM v7 gcc compiler'
arm-none-eabi-gcc -Wall -O0 -g3 -c -fmessage-length=0 -MT"src/platform_mb.o" -mcpu=cortex-a9 -mfpu=vfpv3 -mfloat-abi=hard -IC:/Users/CamLT/AX7010_Work/UltrasonicFPGA2021/delay-and-sum/delay_and_sum_plat/export/delay_and_sum_plat/sw/delay_and_sum_plat/standalone_domain/bspinclude/include -MMD -MP -MF"src/platform_mb.d" -MT"src/platform_mb.o" -o "src/platform_mb.o" "../src/platform_mb.c"
'Finished building: ../src/platform_mb.c'
' '
'Building file: ../src/platform_ppc.c'
'Invoking: ARM v7 gcc compiler'
arm-none-eabi-gcc -Wall -O0 -g3 -c -fmessage-length=0 -MT"src/platform_ppc.o" -mcpu=cortex-a9 -mfpu=vfpv3 -mfloat-abi=hard -IC:/Users/CamLT/AX7010_Work/UltrasonicFPGA2021/delay-and-sum/delay_and_sum_plat/export/delay_and_sum_plat/sw/delay_and_sum_plat/standalone_domain/bspinclude/include -MMD -MP -MF"src/platform_ppc.d" -MT"src/platform_ppc.o" -o "src/platform_ppc.o" "../src/platform_ppc.c"
'Finished building: ../src/platform_ppc.c'
' '
'Building file: ../src/platform_zynq.c'
'Invoking: ARM v7 gcc compiler'
arm-none-eabi-gcc -Wall -O0 -g3 -c -fmessage-length=0 -MT"src/platform_zynq.o" -mcpu=cortex-a9 -mfpu=vfpv3 -mfloat-abi=hard -IC:/Users/CamLT/AX7010_Work/UltrasonicFPGA2021/delay-and-sum/delay_and_sum_plat/export/delay_and_sum_plat/sw/delay_and_sum_plat/standalone_domain/bspinclude/include -MMD -MP -MF"src/platform_zynq.d" -MT"src/platform_zynq.o" -o "src/platform_zynq.o" "../src/platform_zynq.c"
'Finished building: ../src/platform_zynq.c'
' '
'Building file: ../src/platform_zynqmp.c'
'Invoking: ARM v7 gcc compiler'
arm-none-eabi-gcc -Wall -O0 -g3 -c -fmessage-length=0 -MT"src/platform_zynqmp.o" -mcpu=cortex-a9 -mfpu=vfpv3 -mfloat-abi=hard -IC:/Users/CamLT/AX7010_Work/UltrasonicFPGA2021/delay-and-sum/delay_and_sum_plat/export/delay_and_sum_plat/sw/delay_and_sum_plat/standalone_domain/bspinclude/include -MMD -MP -MF"src/platform_zynqmp.d" -MT"src/platform_zynqmp.o" -o "src/platform_zynqmp.o" "../src/platform_zynqmp.c"
'Finished building: ../src/platform_zynqmp.c'
' '
'Building file: ../src/sfp.c'
'Invoking: ARM v7 gcc compiler'
arm-none-eabi-gcc -Wall -O0 -g3 -c -fmessage-length=0 -MT"src/sfp.o" -mcpu=cortex-a9 -mfpu=vfpv3 -mfloat-abi=hard -IC:/Users/CamLT/AX7010_Work/UltrasonicFPGA2021/delay-and-sum/delay_and_sum_plat/export/delay_and_sum_plat/sw/delay_and_sum_plat/standalone_domain/bspinclude/include -MMD -MP -MF"src/sfp.d" -MT"src/sfp.o" -o "src/sfp.o" "../src/sfp.c"
'Finished building: ../src/sfp.c'
' '
'Building file: ../src/si5324.c'
'Invoking: ARM v7 gcc compiler'
arm-none-eabi-gcc -Wall -O0 -g3 -c -fmessage-length=0 -MT"src/si5324.o" -mcpu=cortex-a9 -mfpu=vfpv3 -mfloat-abi=hard -IC:/Users/CamLT/AX7010_Work/UltrasonicFPGA2021/delay-and-sum/delay_and_sum_plat/export/delay_and_sum_plat/sw/delay_and_sum_plat/standalone_domain/bspinclude/include -MMD -MP -MF"src/si5324.d" -MT"src/si5324.o" -o "src/si5324.o" "../src/si5324.c"
'Finished building: ../src/si5324.c'
' '
'Building target: delay_and_sum_app.elf'
'Invoking: ARM v7 gcc linker'
arm-none-eabi-gcc -mcpu=cortex-a9 -mfpu=vfpv3 -mfloat-abi=hard -Wl,-build-id=none -specs=Xilinx.spec -Wl,-T -Wl,../src/lscript.ld -LC:/Users/CamLT/AX7010_Work/UltrasonicFPGA2021/delay-and-sum/delay_and_sum_plat/export/delay_and_sum_plat/sw/delay_and_sum_plat/standalone_domain/bsplib/lib -o "delay_and_sum_app.elf"  ./src/control_channel.o ./src/echo.o ./src/i2c_access.o ./src/iic_phyreset.o ./src/main.o ./src/packet_timer.o ./src/platform.o ./src/platform_mb.o ./src/platform_ppc.o ./src/platform_zynq.o ./src/platform_zynqmp.o ./src/sfp.o ./src/si5324.o   -lm -Wl,--start-group,-lxil,-lgcc,-lc,--end-group -Wl,--start-group,-lxil,-llwip4,-lgcc,-lc,--end-group
'Finished building target: delay_and_sum_app.elf'
' '
'Invoking: ARM v7 Print Size'
arm-none-eabi-size delay_and_sum_app.elf  |tee "delay_and_sum_app.elf.size"
   text	   data	    bss	    dec	    hex	filename
 126915	   3052	3201136	3331103	 32d41f	delay_and_sum_app.elf
'Finished building: delay_and_sum_app.elf.size'
' '

13:59:28 Build Finished (took 4s.447ms)

